<html>
<body>
<pre>
<h1>µVision Build Log</h1>
<h2>Tool Versions:</h2>
IDE-Version: µVision V5.25.2.0
Copyright (C) 2018 ARM Ltd and ARM Germany GmbH. All rights reserved.
License Information: ÛÛÒÙ˚ ˚‚Ù˚‚2, Ù˚‚Ù˚‚Ï, LIC=----
 
Tool Versions:
Toolchain:       MDK-Lite  Version: 5.25.2.0
Toolchain Path:  C:\Keil_v5\ARM\ARMCLANG\Bin
C Compiler:      ArmClang.exe V6.9
Assembler:       Armasm.exe V6.9
Linker/Locator:  ArmLink.exe V6.9
Library Manager: ArmAr.exe V6.9
Hex Converter:   FromElf.exe V6.9
CPU DLL:         SARMCM3.DLL V5.25.2.0
Dialog DLL:      DCM.DLL V1.17.1.0
Target DLL:      STLink\ST-LINKIII-KEIL_SWO.dll V3.0.1.0
Dialog DLL:      TCM.DLL V1.35.1.0
 
<h2>Project:</h2>
C:\Users\—ÚÛ‰ÂÌÚ1\Desktop\Test\Manipulator\Code for copied manipulator\dummy.uvprojx
Project File Date:  05/07/2018

<h2>Output:</h2>
*** Using Compiler 'V6.9', folder: 'C:\Keil_v5\ARM\ARMCLANG\Bin'
Rebuild target 'Target 1'
assembling startup_stm32f103xb.s...
compiling system_stm32f10x.c...
src/main/main.c(387): warning: passing 'volatile char [80]' to parameter of type 'char *' discards qualifiers [-Wincompatible-pointer-types-discards-qualifiers]
          sprintf(buffer, "\r\n%d : %d : %d : %d : %d\r\n", ADC1buffer[0], ADC1buffer[1], ADC1buffer[2], ADC1buffer[3], ADC1buffer[4]);
                  ^~~~~~
C:\Keil_v5\ARM\ARMCLANG\Bin\..\include\stdio.h(417): note: passing argument to parameter here
extern _ARMABI int sprintf(char * __restrict /*s*/, const char * __restrict /*format*/, ...) __attribute__((__nonnull__(1,2)));
                                                  ^
src/main/main.c(388): warning: passing 'volatile char [80]' to parameter of type 'const unsigned char *' discards qualifiers [-Wincompatible-pointer-types-discards-qualifiers]
            USARTSend(buffer);
                      ^~~~~~
src/main/main.c(173): note: passing argument to parameter 'pucBuffer' here
void USARTSend(const unsigned char *pucBuffer)
                                    ^
2 warnings generated.
compiling main.c...
compiling misc.c...
compiling stm32f10x_gpio.c...
compiling stm32f10x_rcc.c...
compiling stm32f10x_adc.c...
compiling stm32f10x_usart.c...
compiling stm32f10x_dma.c...
compiling stm32f10x_exti.c...
compiling stm32f10x_tim.c...
linking...
Program Size: Code=29758 RO-data=510 RW-data=96 ZI-data=1024  
FromELF: creating hex file...
".\obj\dummy.axf" - 0 Error(s), 2 Warning(s).

<h2>Software Packages used:</h2>

Package Vendor: ARM
                http://www.keil.com/pack/ARM.CMSIS.5.3.0.pack
                ARM.CMSIS.5.3.0
                CMSIS (Cortex Microcontroller Software Interface Standard)
   * Component: CORE Version: 5.1.1

Package Vendor: Keil
                http://www.keil.com/pack/Keil.STM32F1xx_DFP.2.2.0.pack
                Keil.STM32F1xx_DFP.2.2.0
                STMicroelectronics STM32F1 Series Device Support, Drivers and Examples

<h2>Collection of Component include folders:</h2>
  .\RTE\_Target_1
  C:\Keil_v5\ARM\PACK\ARM\CMSIS\5.3.0\CMSIS\Include
  C:\Keil_v5\ARM\PACK\Keil\STM32F1xx_DFP\2.2.0\Device\Include

<h2>Collection of Component Files used:</h2>

   * Component: ARM::CMSIS:CORE:5.1.1
Build Time Elapsed:  00:00:01
</pre>
</body>
</html>
