<html>
<body>
<pre>
<h1>µVision Build Log</h1>
<h2>Tool Versions:</h2>
IDE-Version: µVision V5.23.0.0
Copyright (C) 2017 ARM Ltd and ARM Germany GmbH. All rights reserved.
License Information: mm Windows, HP Inc., LIC=----
 
Tool Versions:
Toolchain:       MDK-Lite  Version: 5.23
Toolchain Path:  C:\My programms\Keil\ARM\ARMCC\Bin
C Compiler:      Armcc.exe V5.06 update 4 (build 422)
Assembler:       Armasm.exe V5.06 update 4 (build 422)
Linker/Locator:  ArmLink.exe V5.06 update 4 (build 422)
Library Manager: ArmAr.exe V5.06 update 4 (build 422)
Hex Converter:   FromElf.exe V5.06 update 4 (build 422)
CPU DLL:         SARMCM3.DLL V5.23
Dialog DLL:      DCM.DLL V1.15.0.0
Target DLL:      STLink\ST-LINKIII-KEIL_SWO.dll V2.0.18.0
Dialog DLL:      TCM.DLL V1.27.0.0
 
<h2>Project:</h2>
C:\Users\Evgeny\Desktop\DMA_example\DMA_example.uvproj
Project File Date:  09/16/2014

<h2>Output:</h2>
*** Using Compiler 'V5.06 update 4 (build 422)', folder: 'C:\My programms\Keil\ARM\ARMCC\Bin'
Rebuild target 'F1_Template'
assembling startup_stm32f10x_md.s...
compiling core_cm3.c...
compiling fput_debug.c...
compiling system_stm32f10x.c...
sources\CMSIS\system_stm32f10x.c(1054): warning:  #1215-D: #warning directive: "Be carefull with PLL configuration setting depending on your HSE"
  #warning "Be carefull with PLL configuration setting depending on your HSE"
sources\CMSIS\system_stm32f10x.c: 1 warning, 0 errors
compiling main.c...
compiling misc.c...
compiling stm32f10x_rcc.c...
compiling stm32f10x_gpio.c...
compiling stm32f10x_adc.c...
compiling stm32f10x_usart.c...
compiling stm32f10x_dma.c...
compiling uart.c...
linking...
Program Size: Code=12110 RO-data=294 RW-data=60 ZI-data=1636  
".\Objects_output\F4_I2C.axf" - 0 Error(s), 1 Warning(s).
Build Time Elapsed:  00:00:07
</pre>
</body>
</html>
