Component: ARM Compiler 5.06 update 6 (build 750) Tool: armlink [4d35ed]

==============================================================================

Section Cross References

    main.o(.text) refers to stm32f10x_rcc.o(.text) for RCC_APB2PeriphClockCmd
    main.o(.text) refers to stm32f10x_gpio.o(.text) for GPIO_Init
    main.o(.text) refers to stm32f10x_usart.o(.text) for USART_Init
    main.o(.text) refers to stm32f10x_dma.o(.text) for DMA_StructInit
    main.o(.text) refers to main.o(.data) for ADCbuffer
    system_stm32f10x.o(.text) refers to system_stm32f10x.o(.data) for SystemCoreClock
    startup_stm32f103xb.o(RESET) refers to startup_stm32f103xb.o(STACK) for __initial_sp
    startup_stm32f103xb.o(RESET) refers to startup_stm32f103xb.o(.text) for Reset_Handler
    startup_stm32f103xb.o(RESET) refers to main.o(.text) for DMA1_Channel4_IRQHandler
    startup_stm32f103xb.o(.text) refers to system_stm32f10x.o(.text) for SystemInit
    startup_stm32f103xb.o(.text) refers to entry.o(.ARM.Collect$$$$00000000) for __main
    misc.o(.text) refers to main.o(.text) for assert_failed
    stm32f10x_gpio.o(.text) refers to main.o(.text) for assert_failed
    stm32f10x_gpio.o(.text) refers to stm32f10x_rcc.o(.text) for RCC_APB2PeriphResetCmd
    stm32f10x_rcc.o(.text) refers to main.o(.text) for assert_failed
    stm32f10x_rcc.o(.text) refers to stm32f10x_rcc.o(.data) for APBAHBPrescTable
    stm32f10x_adc.o(.text) refers to main.o(.text) for assert_failed
    stm32f10x_adc.o(.text) refers to stm32f10x_rcc.o(.text) for RCC_APB2PeriphResetCmd
    stm32f10x_tim.o(.text) refers to main.o(.text) for assert_failed
    stm32f10x_tim.o(.text) refers to stm32f10x_rcc.o(.text) for RCC_APB2PeriphResetCmd
    stm32f10x_usart.o(.text) refers to main.o(.text) for assert_failed
    stm32f10x_usart.o(.text) refers to stm32f10x_rcc.o(.text) for RCC_APB2PeriphResetCmd
    stm32f10x_dma.o(.text) refers to main.o(.text) for assert_failed
    stm32f10x_exti.o(.text) refers to main.o(.text) for assert_failed
    entry.o(.ARM.Collect$$$$00000000) refers (Special) to entry10a.o(.ARM.Collect$$$$0000000D) for __rt_final_cpp
    entry.o(.ARM.Collect$$$$00000000) refers (Special) to entry11a.o(.ARM.Collect$$$$0000000F) for __rt_final_exit
    entry.o(.ARM.Collect$$$$00000000) refers (Special) to entry7b.o(.ARM.Collect$$$$00000008) for _main_clock
    entry.o(.ARM.Collect$$$$00000000) refers (Special) to entry8b.o(.ARM.Collect$$$$0000000A) for _main_cpp_init
    entry.o(.ARM.Collect$$$$00000000) refers (Special) to entry9a.o(.ARM.Collect$$$$0000000B) for _main_init
    entry.o(.ARM.Collect$$$$00000000) refers (Special) to entry5.o(.ARM.Collect$$$$00000004) for _main_scatterload
    entry.o(.ARM.Collect$$$$00000000) refers (Special) to entry2.o(.ARM.Collect$$$$00000001) for _main_stk
    entry2.o(.ARM.Collect$$$$00000001) refers to entry2.o(.ARM.Collect$$$$00002712) for __lit__00000000
    entry2.o(.ARM.Collect$$$$00002712) refers to startup_stm32f103xb.o(STACK) for __initial_sp
    entry2.o(__vectab_stack_and_reset_area) refers to startup_stm32f103xb.o(STACK) for __initial_sp
    entry2.o(__vectab_stack_and_reset_area) refers to entry.o(.ARM.Collect$$$$00000000) for __main
    entry5.o(.ARM.Collect$$$$00000004) refers to init.o(.text) for __scatterload
    entry9a.o(.ARM.Collect$$$$0000000B) refers to main.o(.text) for main
    entry9b.o(.ARM.Collect$$$$0000000C) refers to main.o(.text) for main
    init.o(.text) refers to entry5.o(.ARM.Collect$$$$00000004) for __main_after_scatterload


==============================================================================

Removing Unused input sections from the image.

    Removing main.o(.rev16_text), (4 bytes).
    Removing main.o(.revsh_text), (4 bytes).
    Removing main.o(.rrx_text), (6 bytes).
    Removing system_stm32f10x.o(.rev16_text), (4 bytes).
    Removing system_stm32f10x.o(.revsh_text), (4 bytes).
    Removing system_stm32f10x.o(.rrx_text), (6 bytes).
    Removing startup_stm32f103xb.o(HEAP), (0 bytes).
    Removing misc.o(.rev16_text), (4 bytes).
    Removing misc.o(.revsh_text), (4 bytes).
    Removing misc.o(.rrx_text), (6 bytes).
    Removing misc.o(.text), (456 bytes).
    Removing stm32f10x_gpio.o(.rev16_text), (4 bytes).
    Removing stm32f10x_gpio.o(.revsh_text), (4 bytes).
    Removing stm32f10x_gpio.o(.rrx_text), (6 bytes).
    Removing stm32f10x_rcc.o(.rev16_text), (4 bytes).
    Removing stm32f10x_rcc.o(.revsh_text), (4 bytes).
    Removing stm32f10x_rcc.o(.rrx_text), (6 bytes).
    Removing stm32f10x_adc.o(.rev16_text), (4 bytes).
    Removing stm32f10x_adc.o(.revsh_text), (4 bytes).
    Removing stm32f10x_adc.o(.rrx_text), (6 bytes).
    Removing stm32f10x_adc.o(.text), (3764 bytes).
    Removing stm32f10x_tim.o(.rev16_text), (4 bytes).
    Removing stm32f10x_tim.o(.revsh_text), (4 bytes).
    Removing stm32f10x_tim.o(.rrx_text), (6 bytes).
    Removing stm32f10x_tim.o(.text), (14176 bytes).
    Removing stm32f10x_usart.o(.rev16_text), (4 bytes).
    Removing stm32f10x_usart.o(.revsh_text), (4 bytes).
    Removing stm32f10x_usart.o(.rrx_text), (6 bytes).
    Removing stm32f10x_dma.o(.rev16_text), (4 bytes).
    Removing stm32f10x_dma.o(.revsh_text), (4 bytes).
    Removing stm32f10x_dma.o(.rrx_text), (6 bytes).
    Removing stm32f10x_exti.o(.rev16_text), (4 bytes).
    Removing stm32f10x_exti.o(.revsh_text), (4 bytes).
    Removing stm32f10x_exti.o(.rrx_text), (6 bytes).
    Removing stm32f10x_exti.o(.text), (712 bytes).

35 unused section(s) (total 19248 bytes) removed from the image.

==============================================================================

Image Symbol Table

    Local Symbols

    Symbol Name                              Value     Ov Type        Size  Object(Section)

    ../clib/microlib/init/entry.s            0x00000000   Number         0  entry8b.o ABSOLUTE
    ../clib/microlib/init/entry.s            0x00000000   Number         0  entry8a.o ABSOLUTE
    ../clib/microlib/init/entry.s            0x00000000   Number         0  entry7b.o ABSOLUTE
    ../clib/microlib/init/entry.s            0x00000000   Number         0  entry7a.o ABSOLUTE
    ../clib/microlib/init/entry.s            0x00000000   Number         0  entry5.o ABSOLUTE
    ../clib/microlib/init/entry.s            0x00000000   Number         0  entry11a.o ABSOLUTE
    ../clib/microlib/init/entry.s            0x00000000   Number         0  entry2.o ABSOLUTE
    ../clib/microlib/init/entry.s            0x00000000   Number         0  entry.o ABSOLUTE
    ../clib/microlib/init/entry.s            0x00000000   Number         0  entry11b.o ABSOLUTE
    ../clib/microlib/init/entry.s            0x00000000   Number         0  entry10b.o ABSOLUTE
    ../clib/microlib/init/entry.s            0x00000000   Number         0  entry10a.o ABSOLUTE
    ../clib/microlib/init/entry.s            0x00000000   Number         0  entry9b.o ABSOLUTE
    ../clib/microlib/init/entry.s            0x00000000   Number         0  entry9a.o ABSOLUTE
    dc.s                                     0x00000000   Number         0  dc.o ABSOLUTE
    handlers.s                               0x00000000   Number         0  handlers.o ABSOLUTE
    init.s                                   0x00000000   Number         0  init.o ABSOLUTE
    src\\main\\main.c                        0x00000000   Number         0  main.o ABSOLUTE
    src\\mcu_support_package\\system_stm32f10x.c 0x00000000   Number         0  system_stm32f10x.o ABSOLUTE
    src\\spl\\src\\misc.c                    0x00000000   Number         0  misc.o ABSOLUTE
    src\\spl\\src\\stm32f10x_adc.c           0x00000000   Number         0  stm32f10x_adc.o ABSOLUTE
    src\\spl\\src\\stm32f10x_dma.c           0x00000000   Number         0  stm32f10x_dma.o ABSOLUTE
    src\\spl\\src\\stm32f10x_exti.c          0x00000000   Number         0  stm32f10x_exti.o ABSOLUTE
    src\\spl\\src\\stm32f10x_gpio.c          0x00000000   Number         0  stm32f10x_gpio.o ABSOLUTE
    src\\spl\\src\\stm32f10x_rcc.c           0x00000000   Number         0  stm32f10x_rcc.o ABSOLUTE
    src\\spl\\src\\stm32f10x_tim.c           0x00000000   Number         0  stm32f10x_tim.o ABSOLUTE
    src\\spl\\src\\stm32f10x_usart.c         0x00000000   Number         0  stm32f10x_usart.o ABSOLUTE
    src\main\main.c                          0x00000000   Number         0  main.o ABSOLUTE
    src\mcu_support_package\arm\startup_stm32f103xb.s 0x00000000   Number         0  startup_stm32f103xb.o ABSOLUTE
    src\mcu_support_package\system_stm32f10x.c 0x00000000   Number         0  system_stm32f10x.o ABSOLUTE
    src\spl\src\misc.c                       0x00000000   Number         0  misc.o ABSOLUTE
    src\spl\src\stm32f10x_adc.c              0x00000000   Number         0  stm32f10x_adc.o ABSOLUTE
    src\spl\src\stm32f10x_dma.c              0x00000000   Number         0  stm32f10x_dma.o ABSOLUTE
    src\spl\src\stm32f10x_exti.c             0x00000000   Number         0  stm32f10x_exti.o ABSOLUTE
    src\spl\src\stm32f10x_gpio.c             0x00000000   Number         0  stm32f10x_gpio.o ABSOLUTE
    src\spl\src\stm32f10x_rcc.c              0x00000000   Number         0  stm32f10x_rcc.o ABSOLUTE
    src\spl\src\stm32f10x_tim.c              0x00000000   Number         0  stm32f10x_tim.o ABSOLUTE
    src\spl\src\stm32f10x_usart.c            0x00000000   Number         0  stm32f10x_usart.o ABSOLUTE
    RESET                                    0x08000000   Section      236  startup_stm32f103xb.o(RESET)
    .ARM.Collect$$$$00000000                 0x080000ec   Section        0  entry.o(.ARM.Collect$$$$00000000)
    .ARM.Collect$$$$00000001                 0x080000ec   Section        4  entry2.o(.ARM.Collect$$$$00000001)
    .ARM.Collect$$$$00000004                 0x080000f0   Section        4  entry5.o(.ARM.Collect$$$$00000004)
    .ARM.Collect$$$$00000008                 0x080000f4   Section        0  entry7b.o(.ARM.Collect$$$$00000008)
    .ARM.Collect$$$$0000000A                 0x080000f4   Section        0  entry8b.o(.ARM.Collect$$$$0000000A)
    .ARM.Collect$$$$0000000B                 0x080000f4   Section        8  entry9a.o(.ARM.Collect$$$$0000000B)
    .ARM.Collect$$$$0000000D                 0x080000fc   Section        0  entry10a.o(.ARM.Collect$$$$0000000D)
    .ARM.Collect$$$$0000000F                 0x080000fc   Section        0  entry11a.o(.ARM.Collect$$$$0000000F)
    .ARM.Collect$$$$00002712                 0x080000fc   Section        4  entry2.o(.ARM.Collect$$$$00002712)
    __lit__00000000                          0x080000fc   Data           4  entry2.o(.ARM.Collect$$$$00002712)
    .text                                    0x08000100   Section        0  main.o(.text)
    .text                                    0x08000244   Section        0  system_stm32f10x.o(.text)
    SetSysClockTo72                          0x08000245   Thumb Code   214  system_stm32f10x.o(.text)
    SetSysClock                              0x0800031b   Thumb Code     8  system_stm32f10x.o(.text)
    .text                                    0x08000418   Section       36  startup_stm32f103xb.o(.text)
    .text                                    0x0800043c   Section        0  stm32f10x_gpio.o(.text)
    .text                                    0x08000ea0   Section        0  stm32f10x_rcc.o(.text)
    .text                                    0x080016c4   Section        0  stm32f10x_usart.o(.text)
    .text                                    0x08002468   Section        0  stm32f10x_dma.o(.text)
    .text                                    0x08002d8c   Section       36  init.o(.text)
    i.__scatterload_copy                     0x08002db0   Section       14  handlers.o(i.__scatterload_copy)
    i.__scatterload_null                     0x08002dbe   Section        2  handlers.o(i.__scatterload_null)
    i.__scatterload_zeroinit                 0x08002dc0   Section       14  handlers.o(i.__scatterload_zeroinit)
    .data                                    0x20000000   Section       22  main.o(.data)
    .data                                    0x20000018   Section       20  system_stm32f10x.o(.data)
    .data                                    0x2000002c   Section       20  stm32f10x_rcc.o(.data)
    APBAHBPrescTable                         0x2000002c   Data          16  stm32f10x_rcc.o(.data)
    ADCPrescTable                            0x2000003c   Data           4  stm32f10x_rcc.o(.data)
    STACK                                    0x20000040   Section     1024  startup_stm32f103xb.o(STACK)

    Global Symbols

    Symbol Name                              Value     Ov Type        Size  Object(Section)

    BuildAttributes$$THM_ISAv4$P$D$K$B$S$PE$A:L22UL41UL21$X:L11$S22US41US21$IEEE1$IW$USESV6$~STKCKD$USESV7$~SHL$OSPACE$EBA8$MICROLIB$REQ8$PRES8$EABIv2 0x00000000   Number         0  anon$$obj.o ABSOLUTE
    __ARM_use_no_argv                        0x00000000   Number         0  main.o ABSOLUTE
    __cpp_initialize__aeabi_                  - Undefined Weak Reference
    __cxa_finalize                            - Undefined Weak Reference
    __decompress                              - Undefined Weak Reference
    _clock_init                               - Undefined Weak Reference
    _microlib_exit                            - Undefined Weak Reference
    __Vectors_Size                           0x000000ec   Number         0  startup_stm32f103xb.o ABSOLUTE
    __Vectors                                0x08000000   Data           4  startup_stm32f103xb.o(RESET)
    __Vectors_End                            0x080000ec   Data           0  startup_stm32f103xb.o(RESET)
    __main                                   0x080000ed   Thumb Code     0  entry.o(.ARM.Collect$$$$00000000)
    _main_stk                                0x080000ed   Thumb Code     0  entry2.o(.ARM.Collect$$$$00000001)
    _main_scatterload                        0x080000f1   Thumb Code     0  entry5.o(.ARM.Collect$$$$00000004)
    __main_after_scatterload                 0x080000f5   Thumb Code     0  entry5.o(.ARM.Collect$$$$00000004)
    _main_clock                              0x080000f5   Thumb Code     0  entry7b.o(.ARM.Collect$$$$00000008)
    _main_cpp_init                           0x080000f5   Thumb Code     0  entry8b.o(.ARM.Collect$$$$0000000A)
    _main_init                               0x080000f5   Thumb Code     0  entry9a.o(.ARM.Collect$$$$0000000B)
    __rt_final_cpp                           0x080000fd   Thumb Code     0  entry10a.o(.ARM.Collect$$$$0000000D)
    __rt_final_exit                          0x080000fd   Thumb Code     0  entry11a.o(.ARM.Collect$$$$0000000F)
    usart_init                               0x08000101   Thumb Code   120  main.o(.text)
    dma_usart_init                           0x08000179   Thumb Code   122  main.o(.text)
    DMA1_Channel4_IRQHandler                 0x080001f3   Thumb Code    20  main.o(.text)
    main                                     0x08000207   Thumb Code    22  main.o(.text)
    assert_failed                            0x0800021d   Thumb Code     8  main.o(.text)
    SystemInit                               0x08000323   Thumb Code    70  system_stm32f10x.o(.text)
    SystemCoreClockUpdate                    0x08000369   Thumb Code   142  system_stm32f10x.o(.text)
    Reset_Handler                            0x08000419   Thumb Code     8  startup_stm32f103xb.o(.text)
    NMI_Handler                              0x08000421   Thumb Code     2  startup_stm32f103xb.o(.text)
    HardFault_Handler                        0x08000423   Thumb Code     2  startup_stm32f103xb.o(.text)
    MemManage_Handler                        0x08000425   Thumb Code     2  startup_stm32f103xb.o(.text)
    BusFault_Handler                         0x08000427   Thumb Code     2  startup_stm32f103xb.o(.text)
    UsageFault_Handler                       0x08000429   Thumb Code     2  startup_stm32f103xb.o(.text)
    SVC_Handler                              0x0800042b   Thumb Code     2  startup_stm32f103xb.o(.text)
    DebugMon_Handler                         0x0800042d   Thumb Code     2  startup_stm32f103xb.o(.text)
    PendSV_Handler                           0x0800042f   Thumb Code     2  startup_stm32f103xb.o(.text)
    SysTick_Handler                          0x08000431   Thumb Code     2  startup_stm32f103xb.o(.text)
    ADC1_2_IRQHandler                        0x08000433   Thumb Code     0  startup_stm32f103xb.o(.text)
    CAN1_RX1_IRQHandler                      0x08000433   Thumb Code     0  startup_stm32f103xb.o(.text)
    CAN1_SCE_IRQHandler                      0x08000433   Thumb Code     0  startup_stm32f103xb.o(.text)
    DMA1_Channel1_IRQHandler                 0x08000433   Thumb Code     0  startup_stm32f103xb.o(.text)
    DMA1_Channel2_IRQHandler                 0x08000433   Thumb Code     0  startup_stm32f103xb.o(.text)
    DMA1_Channel3_IRQHandler                 0x08000433   Thumb Code     0  startup_stm32f103xb.o(.text)
    DMA1_Channel5_IRQHandler                 0x08000433   Thumb Code     0  startup_stm32f103xb.o(.text)
    DMA1_Channel6_IRQHandler                 0x08000433   Thumb Code     0  startup_stm32f103xb.o(.text)
    DMA1_Channel7_IRQHandler                 0x08000433   Thumb Code     0  startup_stm32f103xb.o(.text)
    EXTI0_IRQHandler                         0x08000433   Thumb Code     0  startup_stm32f103xb.o(.text)
    EXTI15_10_IRQHandler                     0x08000433   Thumb Code     0  startup_stm32f103xb.o(.text)
    EXTI1_IRQHandler                         0x08000433   Thumb Code     0  startup_stm32f103xb.o(.text)
    EXTI2_IRQHandler                         0x08000433   Thumb Code     0  startup_stm32f103xb.o(.text)
    EXTI3_IRQHandler                         0x08000433   Thumb Code     0  startup_stm32f103xb.o(.text)
    EXTI4_IRQHandler                         0x08000433   Thumb Code     0  startup_stm32f103xb.o(.text)
    EXTI9_5_IRQHandler                       0x08000433   Thumb Code     0  startup_stm32f103xb.o(.text)
    FLASH_IRQHandler                         0x08000433   Thumb Code     0  startup_stm32f103xb.o(.text)
    I2C1_ER_IRQHandler                       0x08000433   Thumb Code     0  startup_stm32f103xb.o(.text)
    I2C1_EV_IRQHandler                       0x08000433   Thumb Code     0  startup_stm32f103xb.o(.text)
    I2C2_ER_IRQHandler                       0x08000433   Thumb Code     0  startup_stm32f103xb.o(.text)
    I2C2_EV_IRQHandler                       0x08000433   Thumb Code     0  startup_stm32f103xb.o(.text)
    PVD_IRQHandler                           0x08000433   Thumb Code     0  startup_stm32f103xb.o(.text)
    RCC_IRQHandler                           0x08000433   Thumb Code     0  startup_stm32f103xb.o(.text)
    RTC_Alarm_IRQHandler                     0x08000433   Thumb Code     0  startup_stm32f103xb.o(.text)
    RTC_IRQHandler                           0x08000433   Thumb Code     0  startup_stm32f103xb.o(.text)
    SPI1_IRQHandler                          0x08000433   Thumb Code     0  startup_stm32f103xb.o(.text)
    SPI2_IRQHandler                          0x08000433   Thumb Code     0  startup_stm32f103xb.o(.text)
    TAMPER_IRQHandler                        0x08000433   Thumb Code     0  startup_stm32f103xb.o(.text)
    TIM1_BRK_IRQHandler                      0x08000433   Thumb Code     0  startup_stm32f103xb.o(.text)
    TIM1_CC_IRQHandler                       0x08000433   Thumb Code     0  startup_stm32f103xb.o(.text)
    TIM1_TRG_COM_IRQHandler                  0x08000433   Thumb Code     0  startup_stm32f103xb.o(.text)
    TIM1_UP_IRQHandler                       0x08000433   Thumb Code     0  startup_stm32f103xb.o(.text)
    TIM2_IRQHandler                          0x08000433   Thumb Code     0  startup_stm32f103xb.o(.text)
    TIM3_IRQHandler                          0x08000433   Thumb Code     0  startup_stm32f103xb.o(.text)
    TIM4_IRQHandler                          0x08000433   Thumb Code     0  startup_stm32f103xb.o(.text)
    USART1_IRQHandler                        0x08000433   Thumb Code     0  startup_stm32f103xb.o(.text)
    USART2_IRQHandler                        0x08000433   Thumb Code     0  startup_stm32f103xb.o(.text)
    USART3_IRQHandler                        0x08000433   Thumb Code     0  startup_stm32f103xb.o(.text)
    USBWakeUp_IRQHandler                     0x08000433   Thumb Code     0  startup_stm32f103xb.o(.text)
    USB_HP_CAN1_TX_IRQHandler                0x08000433   Thumb Code     0  startup_stm32f103xb.o(.text)
    USB_LP_CAN1_RX0_IRQHandler               0x08000433   Thumb Code     0  startup_stm32f103xb.o(.text)
    WWDG_IRQHandler                          0x08000433   Thumb Code     0  startup_stm32f103xb.o(.text)
    GPIO_DeInit                              0x0800043d   Thumb Code   224  stm32f10x_gpio.o(.text)
    GPIO_AFIODeInit                          0x0800051d   Thumb Code    20  stm32f10x_gpio.o(.text)
    GPIO_Init                                0x08000531   Thumb Code   378  stm32f10x_gpio.o(.text)
    GPIO_StructInit                          0x080006ab   Thumb Code    16  stm32f10x_gpio.o(.text)
    GPIO_ReadInputDataBit                    0x080006bb   Thumb Code   170  stm32f10x_gpio.o(.text)
    GPIO_ReadInputData                       0x08000765   Thumb Code    64  stm32f10x_gpio.o(.text)
    GPIO_ReadOutputDataBit                   0x080007a5   Thumb Code   232  stm32f10x_gpio.o(.text)
    GPIO_ReadOutputData                      0x0800088d   Thumb Code    66  stm32f10x_gpio.o(.text)
    GPIO_SetBits                             0x080008cf   Thumb Code    86  stm32f10x_gpio.o(.text)
    GPIO_ResetBits                           0x08000925   Thumb Code    86  stm32f10x_gpio.o(.text)
    GPIO_WriteBit                            0x0800097b   Thumb Code   188  stm32f10x_gpio.o(.text)
    GPIO_Write                               0x08000a37   Thumb Code    66  stm32f10x_gpio.o(.text)
    GPIO_PinLockConfig                       0x08000a79   Thumb Code   100  stm32f10x_gpio.o(.text)
    GPIO_EventOutputConfig                   0x08000add   Thumb Code   138  stm32f10x_gpio.o(.text)
    GPIO_EventOutputCmd                      0x08000b67   Thumb Code    30  stm32f10x_gpio.o(.text)
    GPIO_PinRemapConfig                      0x08000b85   Thumb Code   552  stm32f10x_gpio.o(.text)
    GPIO_EXTILineConfig                      0x08000dad   Thumb Code   186  stm32f10x_gpio.o(.text)
    GPIO_ETH_MediaInterfaceConfig            0x08000e67   Thumb Code    30  stm32f10x_gpio.o(.text)
    RCC_DeInit                               0x08000ea1   Thumb Code    64  stm32f10x_rcc.o(.text)
    RCC_HSEConfig                            0x08000ee1   Thumb Code   100  stm32f10x_rcc.o(.text)
    RCC_GetFlagStatus                        0x08000f45   Thumb Code   118  stm32f10x_rcc.o(.text)
    RCC_WaitForHSEStartUp                    0x08000fbb   Thumb Code    56  stm32f10x_rcc.o(.text)
    RCC_AdjustHSICalibrationValue            0x08000ff3   Thumb Code    38  stm32f10x_rcc.o(.text)
    RCC_HSICmd                               0x08001019   Thumb Code    28  stm32f10x_rcc.o(.text)
    RCC_PLLConfig                            0x08001035   Thumb Code   152  stm32f10x_rcc.o(.text)
    RCC_PLLCmd                               0x080010cd   Thumb Code    28  stm32f10x_rcc.o(.text)
    RCC_SYSCLKConfig                         0x080010e9   Thumb Code    42  stm32f10x_rcc.o(.text)
    RCC_GetSYSCLKSource                      0x08001113   Thumb Code    10  stm32f10x_rcc.o(.text)
    RCC_HCLKConfig                           0x0800111d   Thumb Code    66  stm32f10x_rcc.o(.text)
    RCC_PCLK1Config                          0x0800115f   Thumb Code    58  stm32f10x_rcc.o(.text)
    RCC_PCLK2Config                          0x08001199   Thumb Code    60  stm32f10x_rcc.o(.text)
    RCC_ITConfig                             0x080011d5   Thumb Code    70  stm32f10x_rcc.o(.text)
    RCC_USBCLKConfig                         0x0800121b   Thumb Code    30  stm32f10x_rcc.o(.text)
    RCC_ADCCLKConfig                         0x08001239   Thumb Code    52  stm32f10x_rcc.o(.text)
    RCC_LSEConfig                            0x0800126d   Thumb Code   118  stm32f10x_rcc.o(.text)
    RCC_LSICmd                               0x080012e3   Thumb Code    30  stm32f10x_rcc.o(.text)
    RCC_RTCCLKConfig                         0x08001301   Thumb Code    52  stm32f10x_rcc.o(.text)
    RCC_RTCCLKCmd                            0x08001335   Thumb Code    32  stm32f10x_rcc.o(.text)
    RCC_GetClocksFreq                        0x08001355   Thumb Code   208  stm32f10x_rcc.o(.text)
    RCC_AHBPeriphClockCmd                    0x08001425   Thumb Code    86  stm32f10x_rcc.o(.text)
    RCC_APB2PeriphClockCmd                   0x0800147b   Thumb Code    82  stm32f10x_rcc.o(.text)
    RCC_APB1PeriphClockCmd                   0x080014cd   Thumb Code    82  stm32f10x_rcc.o(.text)
    RCC_APB2PeriphResetCmd                   0x0800151f   Thumb Code    82  stm32f10x_rcc.o(.text)
    RCC_APB1PeriphResetCmd                   0x08001571   Thumb Code    82  stm32f10x_rcc.o(.text)
    RCC_BackupResetCmd                       0x080015c3   Thumb Code    32  stm32f10x_rcc.o(.text)
    RCC_ClockSecuritySystemCmd               0x080015e3   Thumb Code    30  stm32f10x_rcc.o(.text)
    RCC_MCOConfig                            0x08001601   Thumb Code    44  stm32f10x_rcc.o(.text)
    RCC_ClearFlag                            0x0800162d   Thumb Code    18  stm32f10x_rcc.o(.text)
    RCC_GetITStatus                          0x0800163f   Thumb Code    64  stm32f10x_rcc.o(.text)
    RCC_ClearITPendingBit                    0x0800167f   Thumb Code    34  stm32f10x_rcc.o(.text)
    USART_DeInit                             0x080016c5   Thumb Code   174  stm32f10x_usart.o(.text)
    USART_Init                               0x08001773   Thumb Code   450  stm32f10x_usart.o(.text)
    USART_StructInit                         0x08001935   Thumb Code    24  stm32f10x_usart.o(.text)
    USART_ClockInit                          0x0800194d   Thumb Code   162  stm32f10x_usart.o(.text)
    USART_ClockStructInit                    0x080019ef   Thumb Code    12  stm32f10x_usart.o(.text)
    USART_Cmd                                0x080019fb   Thumb Code    90  stm32f10x_usart.o(.text)
    USART_ITConfig                           0x08001a55   Thumb Code   312  stm32f10x_usart.o(.text)
    USART_DMACmd                             0x08001b8d   Thumb Code   114  stm32f10x_usart.o(.text)
    USART_SetAddress                         0x08001bff   Thumb Code    86  stm32f10x_usart.o(.text)
    USART_WakeUpConfig                       0x08001c55   Thumb Code    90  stm32f10x_usart.o(.text)
    USART_ReceiverWakeUpCmd                  0x08001caf   Thumb Code    94  stm32f10x_usart.o(.text)
    USART_LINBreakDetectLengthConfig         0x08001d0d   Thumb Code    88  stm32f10x_usart.o(.text)
    USART_LINCmd                             0x08001d65   Thumb Code    94  stm32f10x_usart.o(.text)
    USART_SendData                           0x08001dc3   Thumb Code    78  stm32f10x_usart.o(.text)
    USART_ReceiveData                        0x08001e11   Thumb Code    56  stm32f10x_usart.o(.text)
    USART_SendBreak                          0x08001e49   Thumb Code    58  stm32f10x_usart.o(.text)
    USART_SetGuardTime                       0x08001e83   Thumb Code    54  stm32f10x_usart.o(.text)
    USART_SetPrescaler                       0x08001eb9   Thumb Code    66  stm32f10x_usart.o(.text)
    USART_SmartCardCmd                       0x08001efb   Thumb Code   102  stm32f10x_usart.o(.text)
    USART_SmartCardNACKCmd                   0x08001f61   Thumb Code    82  stm32f10x_usart.o(.text)
    USART_HalfDuplexCmd                      0x08001fb3   Thumb Code    94  stm32f10x_usart.o(.text)
    USART_OverSampling8Cmd                   0x08002011   Thumb Code    92  stm32f10x_usart.o(.text)
    USART_OneBitMethodCmd                    0x0800206d   Thumb Code    94  stm32f10x_usart.o(.text)
    USART_IrDAConfig                         0x080020cb   Thumb Code    88  stm32f10x_usart.o(.text)
    USART_IrDACmd                            0x08002123   Thumb Code    94  stm32f10x_usart.o(.text)
    USART_GetFlagStatus                      0x08002181   Thumb Code   164  stm32f10x_usart.o(.text)
    USART_ClearFlag                          0x08002225   Thumb Code   122  stm32f10x_usart.o(.text)
    USART_GetITStatus                        0x0800229f   Thumb Code   280  stm32f10x_usart.o(.text)
    USART_ClearITPendingBit                  0x080023b7   Thumb Code   158  stm32f10x_usart.o(.text)
    DMA_DeInit                               0x08002469   Thumb Code   430  stm32f10x_dma.o(.text)
    DMA_Init                                 0x08002617   Thumb Code   388  stm32f10x_dma.o(.text)
    DMA_StructInit                           0x0800279b   Thumb Code    26  stm32f10x_dma.o(.text)
    DMA_Cmd                                  0x080027b5   Thumb Code   188  stm32f10x_dma.o(.text)
    DMA_ITConfig                             0x08002871   Thumb Code   174  stm32f10x_dma.o(.text)
    DMA_SetCurrDataCounter                   0x0800291f   Thumb Code   116  stm32f10x_dma.o(.text)
    DMA_GetCurrDataCounter                   0x08002993   Thumb Code   116  stm32f10x_dma.o(.text)
    DMA_GetFlagStatus                        0x08002a07   Thumb Code   346  stm32f10x_dma.o(.text)
    DMA_ClearFlag                            0x08002b61   Thumb Code    54  stm32f10x_dma.o(.text)
    DMA_GetITStatus                          0x08002b97   Thumb Code   396  stm32f10x_dma.o(.text)
    DMA_ClearITPendingBit                    0x08002d23   Thumb Code    52  stm32f10x_dma.o(.text)
    __scatterload                            0x08002d8d   Thumb Code    28  init.o(.text)
    __scatterload_rt2                        0x08002d8d   Thumb Code     0  init.o(.text)
    __scatterload_copy                       0x08002db1   Thumb Code    14  handlers.o(i.__scatterload_copy)
    __scatterload_null                       0x08002dbf   Thumb Code     2  handlers.o(i.__scatterload_null)
    __scatterload_zeroinit                   0x08002dc1   Thumb Code    14  handlers.o(i.__scatterload_zeroinit)
    Region$$Table$$Base                      0x08002dd0   Number         0  anon$$obj.o(Region$$Table)
    Region$$Table$$Limit                     0x08002df0   Number         0  anon$$obj.o(Region$$Table)
    ADCbuffer                                0x20000000   Data          20  main.o(.data)
    counter                                  0x20000014   Data           2  main.o(.data)
    SystemCoreClock                          0x20000018   Data           4  system_stm32f10x.o(.data)
    AHBPrescTable                            0x2000001c   Data          16  system_stm32f10x.o(.data)
    __initial_sp                             0x20000440   Data           0  startup_stm32f103xb.o(STACK)



==============================================================================

Memory Map of the image

  Image Entry point : 0x08000419

  Load Region LR_1 (Base: 0x08000000, Size: 0x00002e30, Max: 0xffffffff, ABSOLUTE)

    Execution Region ER_RO (Exec base: 0x08000000, Load base: 0x08000000, Size: 0x00002df0, Max: 0xffffffff, ABSOLUTE)

    Exec Addr    Load Addr    Size         Type   Attr      Idx    E Section Name        Object

    0x08000000   0x08000000   0x000000ec   Data   RO          163    RESET               startup_stm32f103xb.o
    0x080000ec   0x080000ec   0x00000000   Code   RO          455  * .ARM.Collect$$$$00000000  mc_w.l(entry.o)
    0x080000ec   0x080000ec   0x00000004   Code   RO          458    .ARM.Collect$$$$00000001  mc_w.l(entry2.o)
    0x080000f0   0x080000f0   0x00000004   Code   RO          461    .ARM.Collect$$$$00000004  mc_w.l(entry5.o)
    0x080000f4   0x080000f4   0x00000000   Code   RO          463    .ARM.Collect$$$$00000008  mc_w.l(entry7b.o)
    0x080000f4   0x080000f4   0x00000000   Code   RO          465    .ARM.Collect$$$$0000000A  mc_w.l(entry8b.o)
    0x080000f4   0x080000f4   0x00000008   Code   RO          466    .ARM.Collect$$$$0000000B  mc_w.l(entry9a.o)
    0x080000fc   0x080000fc   0x00000000   Code   RO          468    .ARM.Collect$$$$0000000D  mc_w.l(entry10a.o)
    0x080000fc   0x080000fc   0x00000000   Code   RO          470    .ARM.Collect$$$$0000000F  mc_w.l(entry11a.o)
    0x080000fc   0x080000fc   0x00000004   Code   RO          459    .ARM.Collect$$$$00002712  mc_w.l(entry2.o)
    0x08000100   0x08000100   0x00000144   Code   RO            4    .text               main.o
    0x08000244   0x08000244   0x000001d4   Code   RO          130    .text               system_stm32f10x.o
    0x08000418   0x08000418   0x00000024   Code   RO          164  * .text               startup_stm32f103xb.o
    0x0800043c   0x0800043c   0x00000a64   Code   RO          264    .text               stm32f10x_gpio.o
    0x08000ea0   0x08000ea0   0x00000824   Code   RO          294    .text               stm32f10x_rcc.o
    0x080016c4   0x080016c4   0x00000da4   Code   RO          377    .text               stm32f10x_usart.o
    0x08002468   0x08002468   0x00000924   Code   RO          404    .text               stm32f10x_dma.o
    0x08002d8c   0x08002d8c   0x00000024   Code   RO          472    .text               mc_w.l(init.o)
    0x08002db0   0x08002db0   0x0000000e   Code   RO          476    i.__scatterload_copy  mc_w.l(handlers.o)
    0x08002dbe   0x08002dbe   0x00000002   Code   RO          477    i.__scatterload_null  mc_w.l(handlers.o)
    0x08002dc0   0x08002dc0   0x0000000e   Code   RO          478    i.__scatterload_zeroinit  mc_w.l(handlers.o)
    0x08002dce   0x08002dce   0x00000002   PAD
    0x08002dd0   0x08002dd0   0x00000020   Data   RO          474    Region$$Table       anon$$obj.o


    Execution Region ER_RW (Exec base: 0x20000000, Load base: 0x08002df0, Size: 0x00000040, Max: 0xffffffff, ABSOLUTE)

    Exec Addr    Load Addr    Size         Type   Attr      Idx    E Section Name        Object

    0x20000000   0x08002df0   0x00000016   Data   RW            5    .data               main.o
    0x20000016   0x08002e06   0x00000002   PAD
    0x20000018   0x08002e08   0x00000014   Data   RW          131    .data               system_stm32f10x.o
    0x2000002c   0x08002e1c   0x00000014   Data   RW          295    .data               stm32f10x_rcc.o


    Execution Region ER_ZI (Exec base: 0x20000040, Load base: 0x08002e30, Size: 0x00000400, Max: 0xffffffff, ABSOLUTE)

    Exec Addr    Load Addr    Size         Type   Attr      Idx    E Section Name        Object

    0x20000040        -       0x00000400   Zero   RW          161    STACK               startup_stm32f103xb.o


==============================================================================

Image component sizes


      Code (inc. data)   RO Data    RW Data    ZI Data      Debug   Object Name

       324         32          0         22          0     257795   main.o
         0          0          0          0          0       8752   misc.o
        36          8        236          0       1024        820   startup_stm32f103xb.o
      2340        144          0          0          0      15430   stm32f10x_dma.o
      2660        182          0          0          0      15677   stm32f10x_gpio.o
      2084         80          0         20          0      19048   stm32f10x_rcc.o
      3492        118          0          0          0      16720   stm32f10x_usart.o
       468         34          0         20          0       1887   system_stm32f10x.o

    ----------------------------------------------------------------------
     11404        598        268         64       1024     336129   Object Totals
         0          0         32          0          0          0   (incl. Generated)
         0          0          0          2          0          0   (incl. Padding)

    ----------------------------------------------------------------------

      Code (inc. data)   RO Data    RW Data    ZI Data      Debug   Library Member Name

         0          0          0          0          0          0   entry.o
         0          0          0          0          0          0   entry10a.o
         0          0          0          0          0          0   entry11a.o
         8          4          0          0          0          0   entry2.o
         4          0          0          0          0          0   entry5.o
         0          0          0          0          0          0   entry7b.o
         0          0          0          0          0          0   entry8b.o
         8          4          0          0          0          0   entry9a.o
        30          0          0          0          0          0   handlers.o
        36          8          0          0          0         68   init.o

    ----------------------------------------------------------------------
        88         16          0          0          0         68   Library Totals
         2          0          0          0          0          0   (incl. Padding)

    ----------------------------------------------------------------------

      Code (inc. data)   RO Data    RW Data    ZI Data      Debug   Library Name

        86         16          0          0          0         68   mc_w.l

    ----------------------------------------------------------------------
        88         16          0          0          0         68   Library Totals

    ----------------------------------------------------------------------

==============================================================================


      Code (inc. data)   RO Data    RW Data    ZI Data      Debug   

     11492        614        268         64       1024     335881   Grand Totals
     11492        614        268         64       1024     335881   ELF Image Totals
     11492        614        268         64          0          0   ROM Totals

==============================================================================

    Total RO  Size (Code + RO Data)                11760 (  11.48kB)
    Total RW  Size (RW Data + ZI Data)              1088 (   1.06kB)
    Total ROM Size (Code + RO Data + RW Data)      11824 (  11.55kB)

==============================================================================

