Component: ARM Compiler 6.9 Tool: armlink [5ced1b00]

==============================================================================

Section Cross References

    main.o(.text) refers to stm32f10x_rcc.o(.text) for RCC_ADCCLKConfig
    main.o(.text) refers to stm32f10x_gpio.o(.text) for GPIO_Init
    main.o(.text) refers to stm32f10x_dma.o(.text) for DMA_Init
    main.o(.text) refers to stm32f10x_adc.o(.text) for ADC_Init
    main.o(.text) refers to main.o(.data..L_MergedGlobals) for [Anonymous Symbol]
    main.o(.text) refers to misc.o(.text) for NVIC_Init
    main.o(.text) refers to stm32f10x_usart.o(.text) for USART_Init
    main.o(.text) refers to stm32f10x_tim.o(.text) for TIM_GetITStatus
    main.o(.text) refers to printf1.o(i.__0sprintf$1) for __2sprintf
    main.o(.text) refers to main.o(.rodata.main.mytext) for [Anonymous Symbol]
    main.o(.ARM.exidx) refers to main.o(.text) for [Anonymous Symbol]
    system_stm32f10x.o(.text) refers to system_stm32f10x.o(.data.SystemCoreClock) for SystemCoreClock
    system_stm32f10x.o(.text) refers to system_stm32f10x.o(.rodata.AHBPrescTable) for AHBPrescTable
    system_stm32f10x.o(.ARM.exidx) refers to system_stm32f10x.o(.text) for [Anonymous Symbol]
    startup_stm32f103xb.o(RESET) refers to startup_stm32f103xb.o(STACK) for __initial_sp
    startup_stm32f103xb.o(RESET) refers to startup_stm32f103xb.o(.text) for Reset_Handler
    startup_stm32f103xb.o(RESET) refers to main.o(.text) for TIM4_IRQHandler
    startup_stm32f103xb.o(.text) refers to system_stm32f10x.o(.text) for SystemInit
    startup_stm32f103xb.o(.text) refers to entry.o(.ARM.Collect$$$$00000000) for __main
    misc.o(.text) refers to main.o(.text) for assert_failed
    misc.o(.text) refers to misc.o(.rodata.str1.1) for .L.str
    misc.o(.ARM.exidx) refers to misc.o(.text) for [Anonymous Symbol]
    stm32f10x_gpio.o(.text) refers to stm32f10x_rcc.o(.text) for RCC_APB2PeriphResetCmd
    stm32f10x_gpio.o(.text) refers to main.o(.text) for assert_failed
    stm32f10x_gpio.o(.text) refers to stm32f10x_gpio.o(.rodata.str1.1) for .L.str
    stm32f10x_gpio.o(.ARM.exidx) refers to stm32f10x_gpio.o(.text) for [Anonymous Symbol]
    stm32f10x_rcc.o(.text) refers to main.o(.text) for assert_failed
    stm32f10x_rcc.o(.text) refers to stm32f10x_rcc.o(.rodata.str1.1) for .L.str
    stm32f10x_rcc.o(.text) refers to stm32f10x_rcc.o(.rodata.APBAHBPrescTable) for [Anonymous Symbol]
    stm32f10x_rcc.o(.text) refers to stm32f10x_rcc.o(.rodata.ADCPrescTable) for [Anonymous Symbol]
    stm32f10x_rcc.o(.ARM.exidx) refers to stm32f10x_rcc.o(.text) for [Anonymous Symbol]
    stm32f10x_adc.o(.text) refers to stm32f10x_rcc.o(.text) for RCC_APB2PeriphResetCmd
    stm32f10x_adc.o(.text) refers to main.o(.text) for assert_failed
    stm32f10x_adc.o(.text) refers to stm32f10x_adc.o(.rodata.str1.1) for .L.str
    stm32f10x_adc.o(.ARM.exidx) refers to stm32f10x_adc.o(.text) for [Anonymous Symbol]
    stm32f10x_tim.o(.text) refers to stm32f10x_rcc.o(.text) for RCC_APB2PeriphResetCmd
    stm32f10x_tim.o(.text) refers to main.o(.text) for assert_failed
    stm32f10x_tim.o(.text) refers to stm32f10x_tim.o(.rodata.str1.1) for .L.str
    stm32f10x_tim.o(.ARM.exidx) refers to stm32f10x_tim.o(.text) for [Anonymous Symbol]
    stm32f10x_usart.o(.text) refers to stm32f10x_rcc.o(.text) for RCC_APB2PeriphResetCmd
    stm32f10x_usart.o(.text) refers to main.o(.text) for assert_failed
    stm32f10x_usart.o(.text) refers to stm32f10x_usart.o(.rodata.str1.1) for .L.str
    stm32f10x_usart.o(.ARM.exidx) refers to stm32f10x_usart.o(.text) for [Anonymous Symbol]
    stm32f10x_dma.o(.text) refers to main.o(.text) for assert_failed
    stm32f10x_dma.o(.text) refers to stm32f10x_dma.o(.rodata.str1.1) for .L.str
    stm32f10x_dma.o(.text) refers to memseta.o(.text) for __aeabi_memclr4
    stm32f10x_dma.o(.ARM.exidx) refers to stm32f10x_dma.o(.text) for [Anonymous Symbol]
    stm32f10x_exti.o(.text) refers to main.o(.text) for assert_failed
    stm32f10x_exti.o(.text) refers to stm32f10x_exti.o(.rodata.str1.1) for .L.str
    stm32f10x_exti.o(.ARM.exidx) refers to stm32f10x_exti.o(.text) for [Anonymous Symbol]
    entry.o(.ARM.Collect$$$$00000000) refers (Special) to entry10a.o(.ARM.Collect$$$$0000000D) for __rt_final_cpp
    entry.o(.ARM.Collect$$$$00000000) refers (Special) to entry11a.o(.ARM.Collect$$$$0000000F) for __rt_final_exit
    entry.o(.ARM.Collect$$$$00000000) refers (Special) to entry7b.o(.ARM.Collect$$$$00000008) for _main_clock
    entry.o(.ARM.Collect$$$$00000000) refers (Special) to entry8b.o(.ARM.Collect$$$$0000000A) for _main_cpp_init
    entry.o(.ARM.Collect$$$$00000000) refers (Special) to entry9a.o(.ARM.Collect$$$$0000000B) for _main_init
    entry.o(.ARM.Collect$$$$00000000) refers (Special) to entry5.o(.ARM.Collect$$$$00000004) for _main_scatterload
    entry.o(.ARM.Collect$$$$00000000) refers (Special) to entry2.o(.ARM.Collect$$$$00000001) for _main_stk
[...]
    __arm_cp.74_12                           0x080053e4   Number         4  stm32f10x_tim.o(.text)
    __arm_cp.74_13                           0x080053e8   Number         4  stm32f10x_tim.o(.text)
    __arm_cp.74_14                           0x080053ec   Number         4  stm32f10x_tim.o(.text)
    __arm_cp.75_0                            0x0800543c   Number         4  stm32f10x_tim.o(.text)
    __arm_cp.75_1                            0x08005440   Number         4  stm32f10x_tim.o(.text)
    __arm_cp.75_2                            0x08005444   Number         4  stm32f10x_tim.o(.text)
    __arm_cp.75_3                            0x08005448   Number         4  stm32f10x_tim.o(.text)
    __arm_cp.75_4                            0x0800544c   Number         4  stm32f10x_tim.o(.text)
    __arm_cp.75_5                            0x08005450   Number         4  stm32f10x_tim.o(.text)
    __arm_cp.75_6                            0x08005454   Number         4  stm32f10x_tim.o(.text)
    __arm_cp.75_7                            0x08005458   Number         4  stm32f10x_tim.o(.text)
    __arm_cp.75_8                            0x0800545c   Number         4  stm32f10x_tim.o(.text)
    __arm_cp.76_0                            0x08005498   Number         4  stm32f10x_tim.o(.text)
    __arm_cp.76_1                            0x0800549c   Number         4  stm32f10x_tim.o(.text)
    __arm_cp.76_2                            0x080054a0   Number         4  stm32f10x_tim.o(.text)
    __arm_cp.76_3                            0x080054a4   Number         4  stm32f10x_tim.o(.text)
    __arm_cp.76_4                            0x080054a8   Number         4  stm32f10x_tim.o(.text)
    __arm_cp.76_5                            0x080054ac   Number         4  stm32f10x_tim.o(.text)
    __arm_cp.77_0                            0x080054ec   Number         4  stm32f10x_tim.o(.text)
    __arm_cp.77_1                            0x080054f0   Number         4  stm32f10x_tim.o(.text)
    __arm_cp.77_2                            0x080054f4   Number         4  stm32f10x_tim.o(.text)
    __arm_cp.77_3                            0x080054f8   Number         4  stm32f10x_tim.o(.text)
    __arm_cp.77_4                            0x080054fc   Number         4  stm32f10x_tim.o(.text)
    __arm_cp.77_5                            0x08005500   Number         4  stm32f10x_tim.o(.text)
    __arm_cp.78_0                            0x08005598   Number         4  stm32f10x_tim.o(.text)
    __arm_cp.78_1                            0x0800559c   Number         4  stm32f10x_tim.o(.text)
    __arm_cp.78_2                            0x080055a0   Number         4  stm32f10x_tim.o(.text)
    __arm_cp.78_3                            0x080055a4   Number         4  stm32f10x_tim.o(.text)
    __arm_cp.78_4                            0x080055a8   Number         4  stm32f10x_tim.o(.text)
    __arm_cp.78_5                            0x080055ac   Number         4  stm32f10x_tim.o(.text)
    __arm_cp.78_6                            0x080055b0   Number         4  stm32f10x_tim.o(.text)
    __arm_cp.78_7                            0x080055b4   Number         4  stm32f10x_tim.o(.text)
    __arm_cp.78_8                            0x080055b8   Number         4  stm32f10x_tim.o(.text)
    __arm_cp.78_9                            0x080055bc   Number         4  stm32f10x_tim.o(.text)
    __arm_cp.78_10                           0x080055c0   Number         4  stm32f10x_tim.o(.text)
    __arm_cp.78_11                           0x080055c4   Number         4  stm32f10x_tim.o(.text)
    __arm_cp.78_12                           0x080055c8   Number         4  stm32f10x_tim.o(.text)
    __arm_cp.78_13                           0x080055cc   Number         4  stm32f10x_tim.o(.text)
    __arm_cp.78_14                           0x080055d0   Number         4  stm32f10x_tim.o(.text)
    __arm_cp.79_0                            0x08005640   Number         4  stm32f10x_tim.o(.text)
    __arm_cp.79_1                            0x08005644   Number         4  stm32f10x_tim.o(.text)
    __arm_cp.79_2                            0x08005648   Number         4  stm32f10x_tim.o(.text)
    __arm_cp.79_3                            0x0800564c   Number         4  stm32f10x_tim.o(.text)
    __arm_cp.79_4                            0x08005650   Number         4  stm32f10x_tim.o(.text)
    __arm_cp.79_5                            0x08005654   Number         4  stm32f10x_tim.o(.text)
    __arm_cp.79_6                            0x08005658   Number         4  stm32f10x_tim.o(.text)
    __arm_cp.79_7                            0x0800565c   Number         4  stm32f10x_tim.o(.text)
    __arm_cp.79_8                            0x08005660   Number         4  stm32f10x_tim.o(.text)
    __arm_cp.79_9                            0x08005664   Number         4  stm32f10x_tim.o(.text)
    __arm_cp.79_10                           0x08005668   Number         4  stm32f10x_tim.o(.text)
    __arm_cp.79_11                           0x0800566c   Number         4  stm32f10x_tim.o(.text)
    __arm_cp.79_12                           0x08005670   Number         4  stm32f10x_tim.o(.text)
    __arm_cp.79_13                           0x08005674   Number         4  stm32f10x_tim.o(.text)
    __arm_cp.79_14                           0x08005678   Number         4  stm32f10x_tim.o(.text)
    __arm_cp.80_0                            0x080056c4   Number         4  stm32f10x_tim.o(.text)
    __arm_cp.80_1                            0x080056c8   Number         4  stm32f10x_tim.o(.text)
    __arm_cp.80_2                            0x080056cc   Number         4  stm32f10x_tim.o(.text)
    __arm_cp.80_3                            0x080056d0   Number         4  stm32f10x_tim.o(.text)
    __arm_cp.80_4                            0x080056d4   Number         4  stm32f10x_tim.o(.text)
    __arm_cp.80_5                            0x080056d8   Number         4  stm32f10x_tim.o(.text)
    __arm_cp.80_6                            0x080056dc   Number         4  stm32f10x_tim.o(.text)
    __arm_cp.80_7                            0x080056e0   Number         4  stm32f10x_tim.o(.text)
    __arm_cp.80_8                            0x080056e4   Number         4  stm32f10x_tim.o(.text)
    __arm_cp.81_0                            0x08005720   Number         4  stm32f10x_tim.o(.text)
    __arm_cp.81_1                            0x08005724   Number         4  stm32f10x_tim.o(.text)
    __arm_cp.81_2                            0x08005728   Number         4  stm32f10x_tim.o(.text)
    __arm_cp.81_3                            0x0800572c   Number         4  stm32f10x_tim.o(.text)
    __arm_cp.81_4                            0x08005730   Number         4  stm32f10x_tim.o(.text)
    __arm_cp.81_5                            0x08005734   Number         4  stm32f10x_tim.o(.text)
    __arm_cp.82_0                            0x08005770   Number         4  stm32f10x_tim.o(.text)
    __arm_cp.82_1                            0x08005774   Number         4  stm32f10x_tim.o(.text)
    __arm_cp.82_2                            0x08005778   Number         4  stm32f10x_tim.o(.text)
    __arm_cp.82_3                            0x0800577c   Number         4  stm32f10x_tim.o(.text)
    __arm_cp.82_4                            0x08005780   Number         4  stm32f10x_tim.o(.text)
    __arm_cp.82_5                            0x08005784   Number         4  stm32f10x_tim.o(.text)
    __arm_cp.83_0                            0x08005800   Number         4  stm32f10x_tim.o(.text)
    __arm_cp.83_1                            0x08005804   Number         4  stm32f10x_tim.o(.text)
    __arm_cp.83_2                            0x08005808   Number         4  stm32f10x_tim.o(.text)
    __arm_cp.83_3                            0x0800580c   Number         4  stm32f10x_tim.o(.text)
    __arm_cp.83_4                            0x08005810   Number         4  stm32f10x_tim.o(.text)
    __arm_cp.83_5                            0x08005814   Number         4  stm32f10x_tim.o(.text)
    __arm_cp.83_6                            0x08005818   Number         4  stm32f10x_tim.o(.text)
    __arm_cp.83_7                            0x0800581c   Number         4  stm32f10x_tim.o(.text)
    __arm_cp.83_8                            0x08005820   Number         4  stm32f10x_tim.o(.text)
    __arm_cp.83_9                            0x08005824   Number         4  stm32f10x_tim.o(.text)
    __arm_cp.83_10                           0x08005828   Number         4  stm32f10x_tim.o(.text)
    __arm_cp.83_11                           0x0800582c   Number         4  stm32f10x_tim.o(.text)
    __arm_cp.83_12                           0x08005830   Number         4  stm32f10x_tim.o(.text)
    __arm_cp.83_13                           0x08005834   Number         4  stm32f10x_tim.o(.text)
    __arm_cp.83_14                           0x08005838   Number         4  stm32f10x_tim.o(.text)
    __arm_cp.83_15                           0x0800583c   Number         4  stm32f10x_tim.o(.text)
    __arm_cp.83_16                           0x08005840   Number         4  stm32f10x_tim.o(.text)
    __arm_cp.84_0                            0x080058bc   Number         4  stm32f10x_tim.o(.text)
    __arm_cp.84_1                            0x080058c0   Number         4  stm32f10x_tim.o(.text)
    __arm_cp.84_2                            0x080058c4   Number         4  stm32f10x_tim.o(.text)
    __arm_cp.84_3                            0x080058c8   Number         4  stm32f10x_tim.o(.text)
    __arm_cp.84_4                            0x080058cc   Number         4  stm32f10x_tim.o(.text)
    __arm_cp.84_5                            0x080058d0   Number         4  stm32f10x_tim.o(.text)
    __arm_cp.84_6                            0x080058d4   Number         4  stm32f10x_tim.o(.text)
    __arm_cp.84_7                            0x080058d8   Number         4  stm32f10x_tim.o(.text)
    __arm_cp.84_8                            0x080058dc   Number         4  stm32f10x_tim.o(.text)
    __arm_cp.84_9                            0x080058e0   Number         4  stm32f10x_tim.o(.text)
    __arm_cp.84_10                           0x080058e4   Number         4  stm32f10x_tim.o(.text)
    __arm_cp.84_11                           0x080058e8   Number         4  stm32f10x_tim.o(.text)
    __arm_cp.84_12                           0x080058ec   Number         4  stm32f10x_tim.o(.text)
    __arm_cp.84_13                           0x080058f0   Number         4  stm32f10x_tim.o(.text)
    __arm_cp.84_14                           0x080058f4   Number         4  stm32f10x_tim.o(.text)
    __arm_cp.84_15                           0x080058f8   Number         4  stm32f10x_tim.o(.text)
    __arm_cp.84_16                           0x080058fc   Number         4  stm32f10x_tim.o(.text)
    __arm_cp.85_0                            0x080059c0   Number         4  stm32f10x_tim.o(.text)
    __arm_cp.85_1                            0x080059c4   Number         4  stm32f10x_tim.o(.text)
    __arm_cp.85_2                            0x080059c8   Number         4  stm32f10x_tim.o(.text)
    __arm_cp.85_3                            0x080059cc   Number         4  stm32f10x_tim.o(.text)
    __arm_cp.85_4                            0x080059d0   Number         4  stm32f10x_tim.o(.text)
    __arm_cp.85_5                            0x080059d4   Number         4  stm32f10x_tim.o(.text)
    __arm_cp.85_6                            0x080059d8   Number         4  stm32f10x_tim.o(.text)
    __arm_cp.85_7                            0x080059dc   Number         4  stm32f10x_tim.o(.text)
    __arm_cp.85_8                            0x080059e0   Number         4  stm32f10x_tim.o(.text)
    __arm_cp.85_9                            0x080059e4   Number         4  stm32f10x_tim.o(.text)
    __arm_cp.85_10                           0x080059e8   Number         4  stm32f10x_tim.o(.text)
    __arm_cp.85_11                           0x080059ec   Number         4  stm32f10x_tim.o(.text)
    __arm_cp.85_12                           0x080059f0   Number         4  stm32f10x_tim.o(.text)
    __arm_cp.85_13                           0x080059f4   Number         4  stm32f10x_tim.o(.text)
    __arm_cp.85_14                           0x080059f8   Number         4  stm32f10x_tim.o(.text)
    __arm_cp.85_15                           0x080059fc   Number         4  stm32f10x_tim.o(.text)
    __arm_cp.85_16                           0x08005a00   Number         4  stm32f10x_tim.o(.text)
    __arm_cp.85_17                           0x08005a04   Number         4  stm32f10x_tim.o(.text)
    __arm_cp.86_0                            0x08005a98   Number         4  stm32f10x_tim.o(.text)
    __arm_cp.86_1                            0x08005a9c   Number         4  stm32f10x_tim.o(.text)
    __arm_cp.86_2                            0x08005aa0   Number         4  stm32f10x_tim.o(.text)
    __arm_cp.86_3                            0x08005aa4   Number         4  stm32f10x_tim.o(.text)
    __arm_cp.86_4                            0x08005aa8   Number         4  stm32f10x_tim.o(.text)
    __arm_cp.86_5                            0x08005aac   Number         4  stm32f10x_tim.o(.text)
    __arm_cp.86_6                            0x08005ab0   Number         4  stm32f10x_tim.o(.text)
    __arm_cp.86_7                            0x08005ab4   Number         4  stm32f10x_tim.o(.text)
    __arm_cp.86_8                            0x08005ab8   Number         4  stm32f10x_tim.o(.text)
    __arm_cp.86_9                            0x08005abc   Number         4  stm32f10x_tim.o(.text)
    __arm_cp.86_10                           0x08005ac0   Number         4  stm32f10x_tim.o(.text)
    __arm_cp.86_11                           0x08005ac4   Number         4  stm32f10x_tim.o(.text)
    __arm_cp.86_12                           0x08005ac8   Number         4  stm32f10x_tim.o(.text)
    __arm_cp.86_13                           0x08005acc   Number         4  stm32f10x_tim.o(.text)
    __arm_cp.86_14                           0x08005ad0   Number         4  stm32f10x_tim.o(.text)
    __arm_cp.86_15                           0x08005ad4   Number         4  stm32f10x_tim.o(.text)
    __arm_cp.86_16                           0x08005ad8   Number         4  stm32f10x_tim.o(.text)
    __arm_cp.87_0                            0x08005b8c   Number         4  stm32f10x_tim.o(.text)
    __arm_cp.87_1                            0x08005b90   Number         4  stm32f10x_tim.o(.text)
    __arm_cp.87_2                            0x08005b94   Number         4  stm32f10x_tim.o(.text)
    __arm_cp.87_3                            0x08005b98   Number         4  stm32f10x_tim.o(.text)
    __arm_cp.87_4                            0x08005b9c   Number         4  stm32f10x_tim.o(.text)
    __arm_cp.87_5                            0x08005ba0   Number         4  stm32f10x_tim.o(.text)
    __arm_cp.87_6                            0x08005ba4   Number         4  stm32f10x_tim.o(.text)
    __arm_cp.87_7                            0x08005ba8   Number         4  stm32f10x_tim.o(.text)
    __arm_cp.87_8                            0x08005bac   Number         4  stm32f10x_tim.o(.text)
    __arm_cp.87_9                            0x08005bb0   Number         4  stm32f10x_tim.o(.text)
    __arm_cp.87_10                           0x08005bb4   Number         4  stm32f10x_tim.o(.text)
    __arm_cp.87_11                           0x08005bb8   Number         4  stm32f10x_tim.o(.text)
    __arm_cp.87_12                           0x08005bbc   Number         4  stm32f10x_tim.o(.text)
    __arm_cp.87_13                           0x08005bc0   Number         4  stm32f10x_tim.o(.text)
    __arm_cp.87_14                           0x08005bc4   Number         4  stm32f10x_tim.o(.text)
    __arm_cp.87_15                           0x08005bc8   Number         4  stm32f10x_tim.o(.text)
    __arm_cp.87_16                           0x08005bcc   Number         4  stm32f10x_tim.o(.text)
    __arm_cp.87_17                           0x08005bd0   Number         4  stm32f10x_tim.o(.text)
    __arm_cp.88_0                            0x08005c64   Number         4  stm32f10x_tim.o(.text)
    __arm_cp.88_1                            0x08005c68   Number         4  stm32f10x_tim.o(.text)
    __arm_cp.88_2                            0x08005c6c   Number         4  stm32f10x_tim.o(.text)
    __arm_cp.88_3                            0x08005c70   Number         4  stm32f10x_tim.o(.text)
    __arm_cp.88_4                            0x08005c74   Number         4  stm32f10x_tim.o(.text)
    __arm_cp.88_5                            0x08005c78   Number         4  stm32f10x_tim.o(.text)
    __arm_cp.88_6                            0x08005c7c   Number         4  stm32f10x_tim.o(.text)
    __arm_cp.88_7                            0x08005c80   Number         4  stm32f10x_tim.o(.text)
    __arm_cp.88_8                            0x08005c84   Number         4  stm32f10x_tim.o(.text)
    __arm_cp.88_9                            0x08005c88   Number         4  stm32f10x_tim.o(.text)
    __arm_cp.88_10                           0x08005c8c   Number         4  stm32f10x_tim.o(.text)
    __arm_cp.88_11                           0x08005c90   Number         4  stm32f10x_tim.o(.text)
    __arm_cp.88_12                           0x08005c94   Number         4  stm32f10x_tim.o(.text)
    __arm_cp.88_13                           0x08005c98   Number         4  stm32f10x_tim.o(.text)
    __arm_cp.88_14                           0x08005c9c   Number         4  stm32f10x_tim.o(.text)
    __arm_cp.88_15                           0x08005ca0   Number         4  stm32f10x_tim.o(.text)
    __arm_cp.88_16                           0x08005ca4   Number         4  stm32f10x_tim.o(.text)
    [Anonymous Symbol]                       0x08005ca8   Section        0  stm32f10x_usart.o(.text)
    __arm_cp.0_0                             0x08005d34   Number         4  stm32f10x_usart.o(.text)
    __arm_cp.0_1                             0x08005d38   Number         4  stm32f10x_usart.o(.text)
    __arm_cp.0_2                             0x08005d3c   Number         4  stm32f10x_usart.o(.text)
    __arm_cp.0_3                             0x08005d40   Number         4  stm32f10x_usart.o(.text)
    __arm_cp.0_4                             0x08005d44   Number         4  stm32f10x_usart.o(.text)
    __arm_cp.0_5                             0x08005d48   Number         4  stm32f10x_usart.o(.text)
    __arm_cp.1_0                             0x08005eb4   Number         4  stm32f10x_usart.o(.text)
    __arm_cp.1_1                             0x08005eb8   Number         4  stm32f10x_usart.o(.text)
    __arm_cp.1_2                             0x08005ebc   Number         4  stm32f10x_usart.o(.text)
    __arm_cp.1_3                             0x08005ec0   Number         4  stm32f10x_usart.o(.text)
    __arm_cp.1_4                             0x08005ec4   Number         4  stm32f10x_usart.o(.text)
    __arm_cp.1_5                             0x08005ec8   Number         4  stm32f10x_usart.o(.text)
    __arm_cp.1_6                             0x08005ecc   Number         4  stm32f10x_usart.o(.text)
    __arm_cp.3_0                             0x08005f78   Number         4  stm32f10x_usart.o(.text)
    __arm_cp.3_1                             0x08005f7c   Number         4  stm32f10x_usart.o(.text)
    __arm_cp.3_2                             0x08005f80   Number         4  stm32f10x_usart.o(.text)
    __arm_cp.3_3                             0x08005f84   Number         4  stm32f10x_usart.o(.text)
    __arm_cp.5_0                             0x08005fe0   Number         4  stm32f10x_usart.o(.text)
    __arm_cp.5_1                             0x08005fe4   Number         4  stm32f10x_usart.o(.text)
    __arm_cp.5_2                             0x08005fe8   Number         4  stm32f10x_usart.o(.text)
    __arm_cp.5_3                             0x08005fec   Number         4  stm32f10x_usart.o(.text)
    __arm_cp.5_4                             0x08005ff0   Number         4  stm32f10x_usart.o(.text)
    __arm_cp.5_5                             0x08005ff4   Number         4  stm32f10x_usart.o(.text)
    __arm_cp.6_0                             0x080060d0   Number         4  stm32f10x_usart.o(.text)
    __arm_cp.6_1                             0x080060d4   Number         4  stm32f10x_usart.o(.text)
    __arm_cp.6_2                             0x080060d8   Number         4  stm32f10x_usart.o(.text)
    __arm_cp.6_3                             0x080060dc   Number         4  stm32f10x_usart.o(.text)
    __arm_cp.6_4                             0x080060e0   Number         4  stm32f10x_usart.o(.text)
    __arm_cp.6_5                             0x080060e4   Number         4  stm32f10x_usart.o(.text)
    __arm_cp.7_0                             0x08006150   Number         4  stm32f10x_usart.o(.text)
    __arm_cp.7_1                             0x08006154   Number         4  stm32f10x_usart.o(.text)
    __arm_cp.7_2                             0x08006158   Number         4  stm32f10x_usart.o(.text)
    __arm_cp.7_3                             0x0800615c   Number         4  stm32f10x_usart.o(.text)
    __arm_cp.7_4                             0x08006160   Number         4  stm32f10x_usart.o(.text)
    __arm_cp.7_5                             0x08006164   Number         4  stm32f10x_usart.o(.text)
    __arm_cp.8_0                             0x080061b4   Number         4  stm32f10x_usart.o(.text)
    __arm_cp.8_1                             0x080061b8   Number         4  stm32f10x_usart.o(.text)
    __arm_cp.8_2                             0x080061bc   Number         4  stm32f10x_usart.o(.text)
    __arm_cp.8_3                             0x080061c0   Number         4  stm32f10x_usart.o(.text)
    __arm_cp.8_4                             0x080061c4   Number         4  stm32f10x_usart.o(.text)
    __arm_cp.8_5                             0x080061c8   Number         4  stm32f10x_usart.o(.text)
    __arm_cp.9_0                             0x08006220   Number         4  stm32f10x_usart.o(.text)
    __arm_cp.9_1                             0x08006224   Number         4  stm32f10x_usart.o(.text)
    __arm_cp.9_2                             0x08006228   Number         4  stm32f10x_usart.o(.text)
    __arm_cp.9_3                             0x0800622c   Number         4  stm32f10x_usart.o(.text)
    __arm_cp.9_4                             0x08006230   Number         4  stm32f10x_usart.o(.text)
    __arm_cp.9_5                             0x08006234   Number         4  stm32f10x_usart.o(.text)
    __arm_cp.10_0                            0x08006288   Number         4  stm32f10x_usart.o(.text)
    __arm_cp.10_1                            0x0800628c   Number         4  stm32f10x_usart.o(.text)
    __arm_cp.10_2                            0x08006290   Number         4  stm32f10x_usart.o(.text)
    __arm_cp.10_3                            0x08006294   Number         4  stm32f10x_usart.o(.text)
    __arm_cp.10_4                            0x08006298   Number         4  stm32f10x_usart.o(.text)
    __arm_cp.10_5                            0x0800629c   Number         4  stm32f10x_usart.o(.text)
    __arm_cp.11_0                            0x080062f0   Number         4  stm32f10x_usart.o(.text)
    __arm_cp.11_1                            0x080062f4   Number         4  stm32f10x_usart.o(.text)
    __arm_cp.11_2                            0x080062f8   Number         4  stm32f10x_usart.o(.text)
    __arm_cp.11_3                            0x080062fc   Number         4  stm32f10x_usart.o(.text)
    __arm_cp.11_4                            0x08006300   Number         4  stm32f10x_usart.o(.text)
    __arm_cp.11_5                            0x08006304   Number         4  stm32f10x_usart.o(.text)
    __arm_cp.12_0                            0x08006358   Number         4  stm32f10x_usart.o(.text)
    __arm_cp.12_1                            0x0800635c   Number         4  stm32f10x_usart.o(.text)
    __arm_cp.12_2                            0x08006360   Number         4  stm32f10x_usart.o(.text)
    __arm_cp.12_3                            0x08006364   Number         4  stm32f10x_usart.o(.text)
    __arm_cp.12_4                            0x08006368   Number         4  stm32f10x_usart.o(.text)
    __arm_cp.12_5                            0x0800636c   Number         4  stm32f10x_usart.o(.text)
    __arm_cp.13_0                            0x080063b8   Number         4  stm32f10x_usart.o(.text)
    __arm_cp.13_1                            0x080063bc   Number         4  stm32f10x_usart.o(.text)
    __arm_cp.13_2                            0x080063c0   Number         4  stm32f10x_usart.o(.text)
    __arm_cp.13_3                            0x080063c4   Number         4  stm32f10x_usart.o(.text)
    __arm_cp.13_4                            0x080063c8   Number         4  stm32f10x_usart.o(.text)
    __arm_cp.13_5                            0x080063cc   Number         4  stm32f10x_usart.o(.text)
    __arm_cp.14_0                            0x08006404   Number         4  stm32f10x_usart.o(.text)
    __arm_cp.14_1                            0x08006408   Number         4  stm32f10x_usart.o(.text)
    __arm_cp.14_2                            0x0800640c   Number         4  stm32f10x_usart.o(.text)
    __arm_cp.14_3                            0x08006410   Number         4  stm32f10x_usart.o(.text)
    __arm_cp.14_4                            0x08006414   Number         4  stm32f10x_usart.o(.text)
    __arm_cp.14_5                            0x08006418   Number         4  stm32f10x_usart.o(.text)
    __arm_cp.15_0                            0x08006454   Number         4  stm32f10x_usart.o(.text)
    __arm_cp.15_1                            0x08006458   Number         4  stm32f10x_usart.o(.text)
    __arm_cp.15_2                            0x0800645c   Number         4  stm32f10x_usart.o(.text)
    __arm_cp.15_3                            0x08006460   Number         4  stm32f10x_usart.o(.text)
    __arm_cp.15_4                            0x08006464   Number         4  stm32f10x_usart.o(.text)
    __arm_cp.15_5                            0x08006468   Number         4  stm32f10x_usart.o(.text)
    __arm_cp.16_0                            0x080064a0   Number         4  stm32f10x_usart.o(.text)
    __arm_cp.16_1                            0x080064a4   Number         4  stm32f10x_usart.o(.text)
    __arm_cp.16_2                            0x080064a8   Number         4  stm32f10x_usart.o(.text)
    __arm_cp.16_3                            0x080064ac   Number         4  stm32f10x_usart.o(.text)
    __arm_cp.17_0                            0x080064f0   Number         4  stm32f10x_usart.o(.text)
    __arm_cp.17_1                            0x080064f4   Number         4  stm32f10x_usart.o(.text)
    __arm_cp.17_2                            0x080064f8   Number         4  stm32f10x_usart.o(.text)
    __arm_cp.17_3                            0x080064fc   Number         4  stm32f10x_usart.o(.text)
    __arm_cp.17_4                            0x08006500   Number         4  stm32f10x_usart.o(.text)
    __arm_cp.17_5                            0x08006504   Number         4  stm32f10x_usart.o(.text)
    __arm_cp.18_0                            0x0800654c   Number         4  stm32f10x_usart.o(.text)
    __arm_cp.18_1                            0x08006550   Number         4  stm32f10x_usart.o(.text)
    __arm_cp.18_2                            0x08006554   Number         4  stm32f10x_usart.o(.text)
    __arm_cp.18_3                            0x08006558   Number         4  stm32f10x_usart.o(.text)
    __arm_cp.19_0                            0x080065a0   Number         4  stm32f10x_usart.o(.text)
    __arm_cp.19_1                            0x080065a4   Number         4  stm32f10x_usart.o(.text)
    __arm_cp.19_2                            0x080065a8   Number         4  stm32f10x_usart.o(.text)
    __arm_cp.19_3                            0x080065ac   Number         4  stm32f10x_usart.o(.text)
    __arm_cp.20_0                            0x08006600   Number         4  stm32f10x_usart.o(.text)
    __arm_cp.20_1                            0x08006604   Number         4  stm32f10x_usart.o(.text)
    __arm_cp.20_2                            0x08006608   Number         4  stm32f10x_usart.o(.text)
    __arm_cp.20_3                            0x0800660c   Number         4  stm32f10x_usart.o(.text)
    __arm_cp.20_4                            0x08006610   Number         4  stm32f10x_usart.o(.text)
    __arm_cp.20_5                            0x08006614   Number         4  stm32f10x_usart.o(.text)
    __arm_cp.21_0                            0x08006668   Number         4  stm32f10x_usart.o(.text)
    __arm_cp.21_1                            0x0800666c   Number         4  stm32f10x_usart.o(.text)
    __arm_cp.21_2                            0x08006670   Number         4  stm32f10x_usart.o(.text)
    __arm_cp.21_3                            0x08006674   Number         4  stm32f10x_usart.o(.text)
    __arm_cp.21_4                            0x08006678   Number         4  stm32f10x_usart.o(.text)
    __arm_cp.21_5                            0x0800667c   Number         4  stm32f10x_usart.o(.text)
    __arm_cp.22_0                            0x080066d0   Number         4  stm32f10x_usart.o(.text)
    __arm_cp.22_1                            0x080066d4   Number         4  stm32f10x_usart.o(.text)
    __arm_cp.22_2                            0x080066d8   Number         4  stm32f10x_usart.o(.text)
    __arm_cp.22_3                            0x080066dc   Number         4  stm32f10x_usart.o(.text)
    __arm_cp.22_4                            0x080066e0   Number         4  stm32f10x_usart.o(.text)
    __arm_cp.22_5                            0x080066e4   Number         4  stm32f10x_usart.o(.text)
    __arm_cp.23_0                            0x08006738   Number         4  stm32f10x_usart.o(.text)
    __arm_cp.23_1                            0x0800673c   Number         4  stm32f10x_usart.o(.text)
    __arm_cp.23_2                            0x08006740   Number         4  stm32f10x_usart.o(.text)
    __arm_cp.23_3                            0x08006744   Number         4  stm32f10x_usart.o(.text)
    __arm_cp.23_4                            0x08006748   Number         4  stm32f10x_usart.o(.text)
    __arm_cp.23_5                            0x0800674c   Number         4  stm32f10x_usart.o(.text)
    __arm_cp.24_0                            0x080067a0   Number         4  stm32f10x_usart.o(.text)
    __arm_cp.24_1                            0x080067a4   Number         4  stm32f10x_usart.o(.text)
    __arm_cp.24_2                            0x080067a8   Number         4  stm32f10x_usart.o(.text)
    __arm_cp.24_3                            0x080067ac   Number         4  stm32f10x_usart.o(.text)
    __arm_cp.24_4                            0x080067b0   Number         4  stm32f10x_usart.o(.text)
    __arm_cp.24_5                            0x080067b4   Number         4  stm32f10x_usart.o(.text)
    __arm_cp.25_0                            0x0800683c   Number         4  stm32f10x_usart.o(.text)
    __arm_cp.25_1                            0x08006840   Number         4  stm32f10x_usart.o(.text)
    __arm_cp.25_2                            0x08006844   Number         4  stm32f10x_usart.o(.text)
    __arm_cp.25_3                            0x08006848   Number         4  stm32f10x_usart.o(.text)
    __arm_cp.25_4                            0x0800684c   Number         4  stm32f10x_usart.o(.text)
    __arm_cp.25_5                            0x08006850   Number         4  stm32f10x_usart.o(.text)
    __arm_cp.25_6                            0x08006854   Number         4  stm32f10x_usart.o(.text)
    __arm_cp.26_0                            0x080068bc   Number         4  stm32f10x_usart.o(.text)
    __arm_cp.26_1                            0x080068c0   Number         4  stm32f10x_usart.o(.text)
    __arm_cp.26_2                            0x080068c4   Number         4  stm32f10x_usart.o(.text)
    __arm_cp.26_3                            0x080068c8   Number         4  stm32f10x_usart.o(.text)
    __arm_cp.26_4                            0x080068cc   Number         4  stm32f10x_usart.o(.text)
    __arm_cp.26_5                            0x080068d0   Number         4  stm32f10x_usart.o(.text)
    __arm_cp.27_0                            0x080069ac   Number         4  stm32f10x_usart.o(.text)
    __arm_cp.27_1                            0x080069b0   Number         4  stm32f10x_usart.o(.text)
    __arm_cp.27_2                            0x080069b4   Number         4  stm32f10x_usart.o(.text)
    __arm_cp.27_3                            0x080069b8   Number         4  stm32f10x_usart.o(.text)
    __arm_cp.27_4                            0x080069bc   Number         4  stm32f10x_usart.o(.text)
    __arm_cp.27_5                            0x080069c0   Number         4  stm32f10x_usart.o(.text)
    __arm_cp.28_0                            0x08006a44   Number         4  stm32f10x_usart.o(.text)
    __arm_cp.28_1                            0x08006a48   Number         4  stm32f10x_usart.o(.text)
    __arm_cp.28_2                            0x08006a4c   Number         4  stm32f10x_usart.o(.text)
    __arm_cp.28_3                            0x08006a50   Number         4  stm32f10x_usart.o(.text)
    __arm_cp.28_4                            0x08006a54   Number         4  stm32f10x_usart.o(.text)
    __arm_cp.28_5                            0x08006a58   Number         4  stm32f10x_usart.o(.text)
    [Anonymous Symbol]                       0x08006a5c   Section        0  stm32f10x_dma.o(.text)
    __arm_cp.0_0                             0x08006b48   Number         4  stm32f10x_dma.o(.text)
    __arm_cp.0_1                             0x08006b4c   Number         4  stm32f10x_dma.o(.text)
    __arm_cp.0_2                             0x08006b50   Number         4  stm32f10x_dma.o(.text)
    __arm_cp.0_3                             0x08006b54   Number         4  stm32f10x_dma.o(.text)
    __arm_cp.0_4                             0x08006b58   Number         4  stm32f10x_dma.o(.text)
    __arm_cp.0_5                             0x08006b5c   Number         4  stm32f10x_dma.o(.text)
    __arm_cp.0_6                             0x08006b60   Number         4  stm32f10x_dma.o(.text)
    __arm_cp.0_7                             0x08006b64   Number         4  stm32f10x_dma.o(.text)
    __arm_cp.0_8                             0x08006b68   Number         4  stm32f10x_dma.o(.text)
    __arm_cp.0_9                             0x08006b6c   Number         4  stm32f10x_dma.o(.text)
    __arm_cp.0_10                            0x08006b70   Number         4  stm32f10x_dma.o(.text)
    __arm_cp.0_11                            0x08006b74   Number         4  stm32f10x_dma.o(.text)
    __arm_cp.0_12                            0x08006b78   Number         4  stm32f10x_dma.o(.text)
    __arm_cp.0_13                            0x08006b7c   Number         4  stm32f10x_dma.o(.text)
    __arm_cp.1_0                             0x08006cd0   Number         4  stm32f10x_dma.o(.text)
    __arm_cp.1_1                             0x08006cd4   Number         4  stm32f10x_dma.o(.text)
    __arm_cp.1_2                             0x08006cd8   Number         4  stm32f10x_dma.o(.text)
    __arm_cp.1_3                             0x08006cdc   Number         4  stm32f10x_dma.o(.text)
    __arm_cp.1_4                             0x08006ce0   Number         4  stm32f10x_dma.o(.text)
    __arm_cp.1_5                             0x08006ce4   Number         4  stm32f10x_dma.o(.text)
    __arm_cp.1_6                             0x08006ce8   Number         4  stm32f10x_dma.o(.text)
    __arm_cp.1_7                             0x08006cec   Number         4  stm32f10x_dma.o(.text)
    __arm_cp.1_8                             0x08006cf0   Number         4  stm32f10x_dma.o(.text)
    __arm_cp.1_9                             0x08006cf4   Number         4  stm32f10x_dma.o(.text)
    __arm_cp.1_10                            0x08006cf8   Number         4  stm32f10x_dma.o(.text)
    __arm_cp.1_11                            0x08006cfc   Number         4  stm32f10x_dma.o(.text)
    __arm_cp.1_12                            0x08006d00   Number         4  stm32f10x_dma.o(.text)
    __arm_cp.3_0                             0x08006d8c   Number         4  stm32f10x_dma.o(.text)
    __arm_cp.3_1                             0x08006d90   Number         4  stm32f10x_dma.o(.text)
    __arm_cp.3_2                             0x08006d94   Number         4  stm32f10x_dma.o(.text)
    __arm_cp.3_3                             0x08006d98   Number         4  stm32f10x_dma.o(.text)
    __arm_cp.3_4                             0x08006d9c   Number         4  stm32f10x_dma.o(.text)
    __arm_cp.3_5                             0x08006da0   Number         4  stm32f10x_dma.o(.text)
    __arm_cp.3_6                             0x08006da4   Number         4  stm32f10x_dma.o(.text)
    __arm_cp.3_7                             0x08006da8   Number         4  stm32f10x_dma.o(.text)
    __arm_cp.3_8                             0x08006dac   Number         4  stm32f10x_dma.o(.text)
    __arm_cp.3_9                             0x08006db0   Number         4  stm32f10x_dma.o(.text)
    __arm_cp.3_10                            0x08006db4   Number         4  stm32f10x_dma.o(.text)
    __arm_cp.3_11                            0x08006db8   Number         4  stm32f10x_dma.o(.text)
    __arm_cp.3_12                            0x08006dbc   Number         4  stm32f10x_dma.o(.text)
    __arm_cp.4_0                             0x08006e4c   Number         4  stm32f10x_dma.o(.text)
    __arm_cp.4_1                             0x08006e50   Number         4  stm32f10x_dma.o(.text)
    __arm_cp.4_2                             0x08006e54   Number         4  stm32f10x_dma.o(.text)
    __arm_cp.4_3                             0x08006e58   Number         4  stm32f10x_dma.o(.text)
    __arm_cp.4_4                             0x08006e5c   Number         4  stm32f10x_dma.o(.text)
    __arm_cp.4_5                             0x08006e60   Number         4  stm32f10x_dma.o(.text)
    __arm_cp.4_6                             0x08006e64   Number         4  stm32f10x_dma.o(.text)
    __arm_cp.4_7                             0x08006e68   Number         4  stm32f10x_dma.o(.text)
    __arm_cp.4_8                             0x08006e6c   Number         4  stm32f10x_dma.o(.text)
    __arm_cp.4_9                             0x08006e70   Number         4  stm32f10x_dma.o(.text)
    __arm_cp.4_10                            0x08006e74   Number         4  stm32f10x_dma.o(.text)
    __arm_cp.4_11                            0x08006e78   Number         4  stm32f10x_dma.o(.text)
    __arm_cp.4_12                            0x08006e7c   Number         4  stm32f10x_dma.o(.text)
    __arm_cp.5_0                             0x08006edc   Number         4  stm32f10x_dma.o(.text)
    __arm_cp.5_1                             0x08006ee0   Number         4  stm32f10x_dma.o(.text)
    __arm_cp.5_2                             0x08006ee4   Number         4  stm32f10x_dma.o(.text)
    __arm_cp.5_3                             0x08006ee8   Number         4  stm32f10x_dma.o(.text)
    __arm_cp.5_4                             0x08006eec   Number         4  stm32f10x_dma.o(.text)
    __arm_cp.5_5                             0x08006ef0   Number         4  stm32f10x_dma.o(.text)
    __arm_cp.5_6                             0x08006ef4   Number         4  stm32f10x_dma.o(.text)
    __arm_cp.5_7                             0x08006ef8   Number         4  stm32f10x_dma.o(.text)
    __arm_cp.5_8                             0x08006efc   Number         4  stm32f10x_dma.o(.text)
    __arm_cp.5_9                             0x08006f00   Number         4  stm32f10x_dma.o(.text)
    __arm_cp.5_10                            0x08006f04   Number         4  stm32f10x_dma.o(.text)
    __arm_cp.5_11                            0x08006f08   Number         4  stm32f10x_dma.o(.text)
    __arm_cp.5_12                            0x08006f0c   Number         4  stm32f10x_dma.o(.text)
    __arm_cp.6_0                             0x08006f6c   Number         4  stm32f10x_dma.o(.text)
    __arm_cp.6_1                             0x08006f70   Number         4  stm32f10x_dma.o(.text)
    __arm_cp.6_2                             0x08006f74   Number         4  stm32f10x_dma.o(.text)
    __arm_cp.6_3                             0x08006f78   Number         4  stm32f10x_dma.o(.text)
    __arm_cp.6_4                             0x08006f7c   Number         4  stm32f10x_dma.o(.text)
    __arm_cp.6_5                             0x08006f80   Number         4  stm32f10x_dma.o(.text)
    __arm_cp.6_6                             0x08006f84   Number         4  stm32f10x_dma.o(.text)
    __arm_cp.6_7                             0x08006f88   Number         4  stm32f10x_dma.o(.text)
    __arm_cp.6_8                             0x08006f8c   Number         4  stm32f10x_dma.o(.text)
    __arm_cp.6_9                             0x08006f90   Number         4  stm32f10x_dma.o(.text)
    __arm_cp.6_10                            0x08006f94   Number         4  stm32f10x_dma.o(.text)
    __arm_cp.6_11                            0x08006f98   Number         4  stm32f10x_dma.o(.text)
    __arm_cp.6_12                            0x08006f9c   Number         4  stm32f10x_dma.o(.text)
    __arm_cp.7_0                             0x080070d4   Number         4  stm32f10x_dma.o(.text)
    __arm_cp.7_1                             0x080070d8   Number         4  stm32f10x_dma.o(.text)
    __arm_cp.7_2                             0x080070dc   Number         4  stm32f10x_dma.o(.text)
    __arm_cp.7_3                             0x080070e0   Number         4  stm32f10x_dma.o(.text)
    __arm_cp.7_4                             0x080070e4   Number         4  stm32f10x_dma.o(.text)
    __arm_cp.7_5                             0x080070e8   Number         4  stm32f10x_dma.o(.text)
    __arm_cp.7_6                             0x080070ec   Number         4  stm32f10x_dma.o(.text)
    __arm_cp.7_7                             0x080070f0   Number         4  stm32f10x_dma.o(.text)
    __arm_cp.7_8                             0x080070f4   Number         4  stm32f10x_dma.o(.text)
    __arm_cp.7_9                             0x080070f8   Number         4  stm32f10x_dma.o(.text)
    __arm_cp.7_10                            0x080070fc   Number         4  stm32f10x_dma.o(.text)
    __arm_cp.7_11                            0x08007100   Number         4  stm32f10x_dma.o(.text)
    __arm_cp.7_12                            0x08007104   Number         4  stm32f10x_dma.o(.text)
    __arm_cp.7_13                            0x08007108   Number         4  stm32f10x_dma.o(.text)
    __arm_cp.7_14                            0x0800710c   Number         4  stm32f10x_dma.o(.text)
    __arm_cp.7_15                            0x08007110   Number         4  stm32f10x_dma.o(.text)
    __arm_cp.7_16                            0x08007114   Number         4  stm32f10x_dma.o(.text)
    __arm_cp.8_0                             0x0800714c   Number         4  stm32f10x_dma.o(.text)
    __arm_cp.8_1                             0x08007150   Number         4  stm32f10x_dma.o(.text)
    __arm_cp.8_2                             0x08007154   Number         4  stm32f10x_dma.o(.text)
    __arm_cp.9_0                             0x0800728c   Number         4  stm32f10x_dma.o(.text)
    __arm_cp.9_1                             0x08007290   Number         4  stm32f10x_dma.o(.text)
    __arm_cp.9_2                             0x08007294   Number         4  stm32f10x_dma.o(.text)
    __arm_cp.9_3                             0x08007298   Number         4  stm32f10x_dma.o(.text)
    __arm_cp.9_4                             0x0800729c   Number         4  stm32f10x_dma.o(.text)
    __arm_cp.9_5                             0x080072a0   Number         4  stm32f10x_dma.o(.text)
    __arm_cp.9_6                             0x080072a4   Number         4  stm32f10x_dma.o(.text)
    __arm_cp.9_7                             0x080072a8   Number         4  stm32f10x_dma.o(.text)
    __arm_cp.9_8                             0x080072ac   Number         4  stm32f10x_dma.o(.text)
    __arm_cp.9_9                             0x080072b0   Number         4  stm32f10x_dma.o(.text)
    __arm_cp.9_10                            0x080072b4   Number         4  stm32f10x_dma.o(.text)
    __arm_cp.9_11                            0x080072b8   Number         4  stm32f10x_dma.o(.text)
    __arm_cp.9_12                            0x080072bc   Number         4  stm32f10x_dma.o(.text)
    __arm_cp.9_13                            0x080072c0   Number         4  stm32f10x_dma.o(.text)
    __arm_cp.9_14                            0x080072c4   Number         4  stm32f10x_dma.o(.text)
    __arm_cp.9_15                            0x080072c8   Number         4  stm32f10x_dma.o(.text)
    __arm_cp.9_16                            0x080072cc   Number         4  stm32f10x_dma.o(.text)
    __arm_cp.10_0                            0x08007304   Number         4  stm32f10x_dma.o(.text)
    __arm_cp.10_1                            0x08007308   Number         4  stm32f10x_dma.o(.text)
    __arm_cp.10_2                            0x0800730c   Number         4  stm32f10x_dma.o(.text)
    .text                                    0x08007310   Section        0  memseta.o(.text)
    .text                                    0x08007334   Section        0  uidiv.o(.text)
    .text                                    0x08007360   Section       36  init.o(.text)
    i.__0sprintf$1                           0x08007384   Section        0  printf1.o(i.__0sprintf$1)
    i.__scatterload_copy                     0x080073ac   Section       14  handlers.o(i.__scatterload_copy)
    i.__scatterload_null                     0x080073ba   Section        2  handlers.o(i.__scatterload_null)
    i.__scatterload_zeroinit                 0x080073bc   Section       14  handlers.o(i.__scatterload_zeroinit)
    i._printf_core                           0x080073cc   Section        0  printf1.o(i._printf_core)
    _printf_core                             0x080073cd   Thumb Code   336  printf1.o(i._printf_core)
    i._sputc                                 0x08007520   Section        0  printf1.o(i._sputc)
    _sputc                                   0x08007521   Thumb Code    10  printf1.o(i._sputc)
    [Anonymous Symbol]                       0x0800752a   Section        0  stm32f10x_rcc.o(.rodata.ADCPrescTable)
    ADCPrescTable                            0x0800752a   Data           4  stm32f10x_rcc.o(.rodata.ADCPrescTable)
    [Anonymous Symbol]                       0x0800753e   Section        0  stm32f10x_rcc.o(.rodata.APBAHBPrescTable)
    APBAHBPrescTable                         0x0800753e   Data          16  stm32f10x_rcc.o(.rodata.APBAHBPrescTable)
    [Anonymous Symbol]                       0x0800754e   Section        0  main.o(.rodata.main.mytext)
    main.mytext                              0x0800754e   Data          16  main.o(.rodata.main.mytext)
    [Anonymous Symbol]                       0x0800755e   Section        0  misc.o(.rodata.str1.1)
    .L.str                                   0x0800755e   Data          19  misc.o(.rodata.str1.1)
    [Anonymous Symbol]                       0x08007571   Section        0  stm32f10x_gpio.o(.rodata.str1.1)
    .L.str                                   0x08007571   Data          29  stm32f10x_gpio.o(.rodata.str1.1)
    [Anonymous Symbol]                       0x0800758e   Section        0  stm32f10x_rcc.o(.rodata.str1.1)
    .L.str                                   0x0800758e   Data          28  stm32f10x_rcc.o(.rodata.str1.1)
    [Anonymous Symbol]                       0x080075aa   Section        0  stm32f10x_adc.o(.rodata.str1.1)
    .L.str                                   0x080075aa   Data          28  stm32f10x_adc.o(.rodata.str1.1)
    [Anonymous Symbol]                       0x080075c6   Section        0  stm32f10x_tim.o(.rodata.str1.1)
    .L.str                                   0x080075c6   Data          28  stm32f10x_tim.o(.rodata.str1.1)
    [Anonymous Symbol]                       0x080075e2   Section        0  stm32f10x_usart.o(.rodata.str1.1)
    .L.str                                   0x080075e2   Data          30  stm32f10x_usart.o(.rodata.str1.1)
    [Anonymous Symbol]                       0x08007600   Section        0  stm32f10x_dma.o(.rodata.str1.1)
    .L.str                                   0x08007600   Data          28  stm32f10x_dma.o(.rodata.str1.1)
    [Anonymous Symbol]                       0x20000000   Section        0  main.o(.data..L_MergedGlobals)
    STACK                                    0x20000060   Section     1024  startup_stm32f103xb.o(STACK)

    Global Symbols

    Symbol Name                              Value     Ov Type        Size  Object(Section)

    BuildAttributes$$THM_ISAv4$P$D$K$B$S$PE$A:L22UL41UL21$X:L11$S22US41US21$IEEE1$IW$~IW$USESV6$~STKCKD$USESV7$~SHL$OSPACE$ROPI$EBA8$MICROLIB$REQ8$PRES8$EABIv2 0x00000000   Number         0  anon$$obj.o ABSOLUTE
    _printf_a                                0x00000000   Number         0  stubs.o ABSOLUTE
    _printf_c                                0x00000000   Number         0  stubs.o ABSOLUTE
    _printf_charcount                        0x00000000   Number         0  stubs.o ABSOLUTE
    _printf_d                                0x00000000   Number         0  stubs.o ABSOLUTE
    _printf_e                                0x00000000   Number         0  stubs.o ABSOLUTE
    _printf_f                                0x00000000   Number         0  stubs.o ABSOLUTE
    _printf_flags                            0x00000000   Number         0  stubs.o ABSOLUTE
    _printf_fp_dec                           0x00000000   Number         0  stubs.o ABSOLUTE
    _printf_fp_hex                           0x00000000   Number         0  stubs.o ABSOLUTE
    _printf_g                                0x00000000   Number         0  stubs.o ABSOLUTE
    _printf_i                                0x00000000   Number         0  stubs.o ABSOLUTE
    _printf_int_dec                          0x00000000   Number         0  stubs.o ABSOLUTE
    _printf_l                                0x00000000   Number         0  stubs.o ABSOLUTE
    _printf_lc                               0x00000000   Number         0  stubs.o ABSOLUTE
    _printf_ll                               0x00000000   Number         0  stubs.o ABSOLUTE
    _printf_lld                              0x00000000   Number         0  stubs.o ABSOLUTE
    _printf_lli                              0x00000000   Number         0  stubs.o ABSOLUTE
    _printf_llo                              0x00000000   Number         0  stubs.o ABSOLUTE
    _printf_llu                              0x00000000   Number         0  stubs.o ABSOLUTE
    _printf_llx                              0x00000000   Number         0  stubs.o ABSOLUTE
    _printf_longlong_dec                     0x00000000   Number         0  stubs.o ABSOLUTE
    _printf_longlong_hex                     0x00000000   Number         0  stubs.o ABSOLUTE
    _printf_longlong_oct                     0x00000000   Number         0  stubs.o ABSOLUTE
    _printf_ls                               0x00000000   Number         0  stubs.o ABSOLUTE
    _printf_mbtowc                           0x00000000   Number         0  stubs.o ABSOLUTE
    _printf_n                                0x00000000   Number         0  stubs.o ABSOLUTE
    _printf_o                                0x00000000   Number         0  stubs.o ABSOLUTE
    _printf_p                                0x00000000   Number         0  stubs.o ABSOLUTE
    _printf_percent                          0x00000000   Number         0  stubs.o ABSOLUTE
    _printf_pre_padding                      0x00000000   Number         0  stubs.o ABSOLUTE
    _printf_return_value                     0x00000000   Number         0  stubs.o ABSOLUTE
    _printf_s                                0x00000000   Number         0  stubs.o ABSOLUTE
    _printf_sizespec                         0x00000000   Number         0  stubs.o ABSOLUTE
    _printf_str                              0x00000000   Number         0  stubs.o ABSOLUTE
    _printf_truncate_signed                  0x00000000   Number         0  stubs.o ABSOLUTE
    _printf_truncate_unsigned                0x00000000   Number         0  stubs.o ABSOLUTE
    _printf_u                                0x00000000   Number         0  stubs.o ABSOLUTE
    _printf_wc                               0x00000000   Number         0  stubs.o ABSOLUTE
    _printf_wctomb                           0x00000000   Number         0  stubs.o ABSOLUTE
    _printf_widthprec                        0x00000000   Number         0  stubs.o ABSOLUTE
    _printf_x                                0x00000000   Number         0  stubs.o ABSOLUTE
    __cpp_initialize__aeabi_                  - Undefined Weak Reference
    __cxa_finalize                            - Undefined Weak Reference
    __decompress                              - Undefined Weak Reference
    _clock_init                               - Undefined Weak Reference
    _microlib_exit                            - Undefined Weak Reference
    __Vectors_Size                           0x000000ec   Number         0  startup_stm32f103xb.o ABSOLUTE
    __Vectors                                0x08000000   Data           4  startup_stm32f103xb.o(RESET)
    __Vectors_End                            0x080000ec   Data           0  startup_stm32f103xb.o(RESET)
    __main                                   0x080000ed   Thumb Code     0  entry.o(.ARM.Collect$$$$00000000)
    _main_stk                                0x080000ed   Thumb Code     0  entry2.o(.ARM.Collect$$$$00000001)
    _main_scatterload                        0x080000f1   Thumb Code     0  entry5.o(.ARM.Collect$$$$00000004)
    __main_after_scatterload                 0x080000f5   Thumb Code     0  entry5.o(.ARM.Collect$$$$00000004)
    _main_clock                              0x080000f5   Thumb Code     0  entry7b.o(.ARM.Collect$$$$00000008)
    _main_cpp_init                           0x080000f5   Thumb Code     0  entry8b.o(.ARM.Collect$$$$0000000A)
    _main_init                               0x080000f5   Thumb Code     0  entry9a.o(.ARM.Collect$$$$0000000B)
    __rt_final_cpp                           0x080000fd   Thumb Code     0  entry10a.o(.ARM.Collect$$$$0000000D)
    __rt_final_exit                          0x080000fd   Thumb Code     0  entry11a.o(.ARM.Collect$$$$0000000F)
    Init_ADC_DMA                             0x08000101   Thumb Code   324  main.o(.text)
    usart_init                               0x08000245   Thumb Code   120  main.o(.text)
    USARTSend                                0x080002bd   Thumb Code    40  main.o(.text)
    TIM4_IRQHandler                          0x080002e5   Thumb Code    44  main.o(.text)
    delay                                    0x08000311   Thumb Code    30  main.o(.text)
    SetSysClockTo72                          0x0800032f   Thumb Code    88  main.o(.text)
    main                                     0x08000389   Thumb Code   184  main.o(.text)
    assert_failed                            0x08000441   Thumb Code    10  main.o(.text)
    SystemInit                               0x0800044d   Thumb Code   228  system_stm32f10x.o(.text)
    SystemCoreClockUpdate                    0x08000531   Thumb Code    96  system_stm32f10x.o(.text)
    Reset_Handler                            0x08000591   Thumb Code     8  startup_stm32f103xb.o(.text)
    NMI_Handler                              0x08000599   Thumb Code     2  startup_stm32f103xb.o(.text)
    HardFault_Handler                        0x0800059b   Thumb Code     2  startup_stm32f103xb.o(.text)
    MemManage_Handler                        0x0800059d   Thumb Code     2  startup_stm32f103xb.o(.text)
    BusFault_Handler                         0x0800059f   Thumb Code     2  startup_stm32f103xb.o(.text)
    UsageFault_Handler                       0x080005a1   Thumb Code     2  startup_stm32f103xb.o(.text)
    SVC_Handler                              0x080005a3   Thumb Code     2  startup_stm32f103xb.o(.text)
    DebugMon_Handler                         0x080005a5   Thumb Code     2  startup_stm32f103xb.o(.text)
    PendSV_Handler                           0x080005a7   Thumb Code     2  startup_stm32f103xb.o(.text)
    SysTick_Handler                          0x080005a9   Thumb Code     2  startup_stm32f103xb.o(.text)
    ADC1_2_IRQHandler                        0x080005ab   Thumb Code     0  startup_stm32f103xb.o(.text)
    CAN1_RX1_IRQHandler                      0x080005ab   Thumb Code     0  startup_stm32f103xb.o(.text)
    CAN1_SCE_IRQHandler                      0x080005ab   Thumb Code     0  startup_stm32f103xb.o(.text)
    DMA1_Channel1_IRQHandler                 0x080005ab   Thumb Code     0  startup_stm32f103xb.o(.text)
    DMA1_Channel2_IRQHandler                 0x080005ab   Thumb Code     0  startup_stm32f103xb.o(.text)
    DMA1_Channel3_IRQHandler                 0x080005ab   Thumb Code     0  startup_stm32f103xb.o(.text)
    DMA1_Channel4_IRQHandler                 0x080005ab   Thumb Code     0  startup_stm32f103xb.o(.text)
    DMA1_Channel5_IRQHandler                 0x080005ab   Thumb Code     0  startup_stm32f103xb.o(.text)
    DMA1_Channel6_IRQHandler                 0x080005ab   Thumb Code     0  startup_stm32f103xb.o(.text)
    DMA1_Channel7_IRQHandler                 0x080005ab   Thumb Code     0  startup_stm32f103xb.o(.text)
    EXTI0_IRQHandler                         0x080005ab   Thumb Code     0  startup_stm32f103xb.o(.text)
    EXTI15_10_IRQHandler                     0x080005ab   Thumb Code     0  startup_stm32f103xb.o(.text)
    EXTI1_IRQHandler                         0x080005ab   Thumb Code     0  startup_stm32f103xb.o(.text)
    EXTI2_IRQHandler                         0x080005ab   Thumb Code     0  startup_stm32f103xb.o(.text)
    EXTI3_IRQHandler                         0x080005ab   Thumb Code     0  startup_stm32f103xb.o(.text)
    EXTI4_IRQHandler                         0x080005ab   Thumb Code     0  startup_stm32f103xb.o(.text)
    EXTI9_5_IRQHandler                       0x080005ab   Thumb Code     0  startup_stm32f103xb.o(.text)
    FLASH_IRQHandler                         0x080005ab   Thumb Code     0  startup_stm32f103xb.o(.text)
    I2C1_ER_IRQHandler                       0x080005ab   Thumb Code     0  startup_stm32f103xb.o(.text)
    I2C1_EV_IRQHandler                       0x080005ab   Thumb Code     0  startup_stm32f103xb.o(.text)
    I2C2_ER_IRQHandler                       0x080005ab   Thumb Code     0  startup_stm32f103xb.o(.text)
    I2C2_EV_IRQHandler                       0x080005ab   Thumb Code     0  startup_stm32f103xb.o(.text)
    PVD_IRQHandler                           0x080005ab   Thumb Code     0  startup_stm32f103xb.o(.text)
    RCC_IRQHandler                           0x080005ab   Thumb Code     0  startup_stm32f103xb.o(.text)
    RTC_Alarm_IRQHandler                     0x080005ab   Thumb Code     0  startup_stm32f103xb.o(.text)
    RTC_IRQHandler                           0x080005ab   Thumb Code     0  startup_stm32f103xb.o(.text)
    SPI1_IRQHandler                          0x080005ab   Thumb Code     0  startup_stm32f103xb.o(.text)
    SPI2_IRQHandler                          0x080005ab   Thumb Code     0  startup_stm32f103xb.o(.text)
    TAMPER_IRQHandler                        0x080005ab   Thumb Code     0  startup_stm32f103xb.o(.text)
    TIM1_BRK_IRQHandler                      0x080005ab   Thumb Code     0  startup_stm32f103xb.o(.text)
    TIM1_CC_IRQHandler                       0x080005ab   Thumb Code     0  startup_stm32f103xb.o(.text)
    TIM1_TRG_COM_IRQHandler                  0x080005ab   Thumb Code     0  startup_stm32f103xb.o(.text)
    TIM1_UP_IRQHandler                       0x080005ab   Thumb Code     0  startup_stm32f103xb.o(.text)
    TIM2_IRQHandler                          0x080005ab   Thumb Code     0  startup_stm32f103xb.o(.text)
    TIM3_IRQHandler                          0x080005ab   Thumb Code     0  startup_stm32f103xb.o(.text)
    USART1_IRQHandler                        0x080005ab   Thumb Code     0  startup_stm32f103xb.o(.text)
    USART2_IRQHandler                        0x080005ab   Thumb Code     0  startup_stm32f103xb.o(.text)
    USART3_IRQHandler                        0x080005ab   Thumb Code     0  startup_stm32f103xb.o(.text)
    USBWakeUp_IRQHandler                     0x080005ab   Thumb Code     0  startup_stm32f103xb.o(.text)
    USB_HP_CAN1_TX_IRQHandler                0x080005ab   Thumb Code     0  startup_stm32f103xb.o(.text)
    USB_LP_CAN1_RX0_IRQHandler               0x080005ab   Thumb Code     0  startup_stm32f103xb.o(.text)
    WWDG_IRQHandler                          0x080005ab   Thumb Code     0  startup_stm32f103xb.o(.text)
    NVIC_PriorityGroupConfig                 0x080005b5   Thumb Code    48  misc.o(.text)
    NVIC_Init                                0x080005e5   Thumb Code   140  misc.o(.text)
    NVIC_SetVectorTable                      0x08000671   Thumb Code    68  misc.o(.text)
    NVIC_SystemLPConfig                      0x080006b5   Thumb Code    72  misc.o(.text)
    SysTick_CLKSourceConfig                  0x080006fd   Thumb Code    48  misc.o(.text)
    GPIO_DeInit                              0x0800072d   Thumb Code   144  stm32f10x_gpio.o(.text)
    GPIO_AFIODeInit                          0x080007bd   Thumb Code    22  stm32f10x_gpio.o(.text)
    GPIO_Init                                0x080007d5   Thumb Code   304  stm32f10x_gpio.o(.text)
    GPIO_StructInit                          0x08000905   Thumb Code    12  stm32f10x_gpio.o(.text)
    GPIO_ReadInputDataBit                    0x08000911   Thumb Code   136  stm32f10x_gpio.o(.text)
    GPIO_ReadInputData                       0x08000999   Thumb Code    40  stm32f10x_gpio.o(.text)
    GPIO_ReadOutputDataBit                   0x080009c1   Thumb Code   136  stm32f10x_gpio.o(.text)
    GPIO_ReadOutputData                      0x08000a49   Thumb Code    40  stm32f10x_gpio.o(.text)
    GPIO_SetBits                             0x08000a71   Thumb Code    52  stm32f10x_gpio.o(.text)
    GPIO_ResetBits                           0x08000aa5   Thumb Code    52  stm32f10x_gpio.o(.text)
    GPIO_WriteBit                            0x08000ad9   Thumb Code   160  stm32f10x_gpio.o(.text)
    GPIO_Write                               0x08000b79   Thumb Code    40  stm32f10x_gpio.o(.text)
    GPIO_PinLockConfig                       0x08000ba1   Thumb Code    64  stm32f10x_gpio.o(.text)
    GPIO_EventOutputConfig                   0x08000be1   Thumb Code    64  stm32f10x_gpio.o(.text)
    GPIO_EventOutputCmd                      0x08000c21   Thumb Code    32  stm32f10x_gpio.o(.text)
    GPIO_PinRemapConfig                      0x08000c41   Thumb Code   460  stm32f10x_gpio.o(.text)
    GPIO_EXTILineConfig                      0x08000e0d   Thumb Code    80  stm32f10x_gpio.o(.text)
    GPIO_ETH_MediaInterfaceConfig            0x08000e5d   Thumb Code    32  stm32f10x_gpio.o(.text)
    RCC_DeInit                               0x08000e7d   Thumb Code    64  stm32f10x_rcc.o(.text)
    RCC_HSEConfig                            0x08000ebd   Thumb Code    88  stm32f10x_rcc.o(.text)
    RCC_WaitForHSEStartUp                    0x08000f15   Thumb Code    44  stm32f10x_rcc.o(.text)
    RCC_GetFlagStatus                        0x08000f41   Thumb Code   112  stm32f10x_rcc.o(.text)
    RCC_AdjustHSICalibrationValue            0x08000fb1   Thumb Code    44  stm32f10x_rcc.o(.text)
    RCC_HSICmd                               0x08000fdd   Thumb Code    32  stm32f10x_rcc.o(.text)
    RCC_PLLConfig                            0x08000ffd   Thumb Code    76  stm32f10x_rcc.o(.text)
    RCC_PLLCmd                               0x08001049   Thumb Code    32  stm32f10x_rcc.o(.text)
    RCC_SYSCLKConfig                         0x08001069   Thumb Code    40  stm32f10x_rcc.o(.text)
    RCC_GetSYSCLKSource                      0x08001091   Thumb Code    16  stm32f10x_rcc.o(.text)
    RCC_HCLKConfig                           0x080010a1   Thumb Code    60  stm32f10x_rcc.o(.text)
    RCC_PCLK1Config                          0x080010dd   Thumb Code    60  stm32f10x_rcc.o(.text)
    RCC_PCLK2Config                          0x08001119   Thumb Code    60  stm32f10x_rcc.o(.text)
    RCC_ITConfig                             0x08001155   Thumb Code    68  stm32f10x_rcc.o(.text)
    RCC_USBCLKConfig                         0x08001199   Thumb Code    32  stm32f10x_rcc.o(.text)
    RCC_ADCCLKConfig                         0x080011b9   Thumb Code    44  stm32f10x_rcc.o(.text)
    RCC_LSEConfig                            0x080011e5   Thumb Code    60  stm32f10x_rcc.o(.text)
    RCC_LSICmd                               0x08001221   Thumb Code    32  stm32f10x_rcc.o(.text)
    RCC_RTCCLKConfig                         0x08001241   Thumb Code    52  stm32f10x_rcc.o(.text)
    RCC_RTCCLKCmd                            0x08001275   Thumb Code    32  stm32f10x_rcc.o(.text)
    RCC_GetClocksFreq                        0x08001295   Thumb Code   136  stm32f10x_rcc.o(.text)
    RCC_AHBPeriphClockCmd                    0x0800131d   Thumb Code    68  stm32f10x_rcc.o(.text)
    RCC_APB2PeriphClockCmd                   0x08001361   Thumb Code    68  stm32f10x_rcc.o(.text)
    RCC_APB1PeriphClockCmd                   0x080013a5   Thumb Code    68  stm32f10x_rcc.o(.text)
    RCC_APB2PeriphResetCmd                   0x080013e9   Thumb Code    68  stm32f10x_rcc.o(.text)
    RCC_APB1PeriphResetCmd                   0x0800142d   Thumb Code    68  stm32f10x_rcc.o(.text)
    RCC_BackupResetCmd                       0x08001471   Thumb Code    32  stm32f10x_rcc.o(.text)
    RCC_ClockSecuritySystemCmd               0x08001491   Thumb Code    32  stm32f10x_rcc.o(.text)
    RCC_MCOConfig                            0x080014b1   Thumb Code    44  stm32f10x_rcc.o(.text)
    RCC_ClearFlag                            0x080014dd   Thumb Code    16  stm32f10x_rcc.o(.text)
    RCC_GetITStatus                          0x080014ed   Thumb Code    60  stm32f10x_rcc.o(.text)
    RCC_ClearITPendingBit                    0x08001529   Thumb Code    36  stm32f10x_rcc.o(.text)
    ADC_DeInit                               0x0800154d   Thumb Code   104  stm32f10x_adc.o(.text)
    ADC_Init                                 0x080015b5   Thumb Code   220  stm32f10x_adc.o(.text)
    ADC_StructInit                           0x08001691   Thumb Code    16  stm32f10x_adc.o(.text)
    ADC_Cmd                                  0x080016a1   Thumb Code    84  stm32f10x_adc.o(.text)
    ADC_DMACmd                               0x080016f5   Thumb Code    72  stm32f10x_adc.o(.text)
    ADC_ITConfig                             0x0800173d   Thumb Code   104  stm32f10x_adc.o(.text)
    ADC_ResetCalibration                     0x080017a5   Thumb Code    60  stm32f10x_adc.o(.text)
    ADC_GetResetCalibrationStatus            0x080017e1   Thumb Code    56  stm32f10x_adc.o(.text)
    ADC_StartCalibration                     0x08001819   Thumb Code    60  stm32f10x_adc.o(.text)
    ADC_GetCalibrationStatus                 0x08001855   Thumb Code    56  stm32f10x_adc.o(.text)
    ADC_SoftwareStartConvCmd                 0x0800188d   Thumb Code    84  stm32f10x_adc.o(.text)
    ADC_GetSoftwareStartConvStatus           0x080018e1   Thumb Code    56  stm32f10x_adc.o(.text)
    ADC_DiscModeChannelCountConfig           0x08001919   Thumb Code    92  stm32f10x_adc.o(.text)
    ADC_DiscModeCmd                          0x08001975   Thumb Code    84  stm32f10x_adc.o(.text)
    ADC_RegularChannelConfig                 0x080019c9   Thumb Code   208  stm32f10x_adc.o(.text)
    ADC_ExternalTrigConvCmd                  0x08001a99   Thumb Code    84  stm32f10x_adc.o(.text)
    ADC_GetConversionValue                   0x08001aed   Thumb Code    56  stm32f10x_adc.o(.text)
    ADC_GetDualModeConversionValue           0x08001b25   Thumb Code    12  stm32f10x_adc.o(.text)
    ADC_AutoInjectedConvCmd                  0x08001b31   Thumb Code    84  stm32f10x_adc.o(.text)
    ADC_InjectedDiscModeCmd                  0x08001b85   Thumb Code    84  stm32f10x_adc.o(.text)
    ADC_ExternalTrigInjectedConvConfig       0x08001bd9   Thumb Code    80  stm32f10x_adc.o(.text)
    ADC_ExternalTrigInjectedConvCmd          0x08001c29   Thumb Code    84  stm32f10x_adc.o(.text)
    ADC_SoftwareStartInjectedConvCmd         0x08001c7d   Thumb Code    84  stm32f10x_adc.o(.text)
    ADC_GetSoftwareStartInjectedConvCmdStatus 0x08001cd1   Thumb Code    56  stm32f10x_adc.o(.text)
    ADC_InjectedChannelConfig                0x08001d09   Thumb Code   180  stm32f10x_adc.o(.text)
    ADC_InjectedSequencerLengthConfig        0x08001dbd   Thumb Code    92  stm32f10x_adc.o(.text)
    ADC_SetInjectedOffset                    0x08001e19   Thumb Code   116  stm32f10x_adc.o(.text)
    ADC_GetInjectedConversionValue           0x08001e8d   Thumb Code   104  stm32f10x_adc.o(.text)
    ADC_AnalogWatchdogCmd                    0x08001ef5   Thumb Code   128  stm32f10x_adc.o(.text)
    ADC_AnalogWatchdogThresholdsConfig       0x08001f75   Thumb Code    92  stm32f10x_adc.o(.text)
    ADC_AnalogWatchdogSingleChannelConfig    0x08001fd1   Thumb Code    76  stm32f10x_adc.o(.text)
    ADC_TempSensorVrefintCmd                 0x0800201d   Thumb Code    48  stm32f10x_adc.o(.text)
    ADC_GetFlagStatus                        0x0800204d   Thumb Code    92  stm32f10x_adc.o(.text)
    ADC_ClearFlag                            0x080020a9   Thumb Code    76  stm32f10x_adc.o(.text)
    ADC_GetITStatus                          0x080020f5   Thumb Code   108  stm32f10x_adc.o(.text)
    ADC_ClearITPendingBit                    0x08002161   Thumb Code    76  stm32f10x_adc.o(.text)
    TIM_DeInit                               0x080021ad   Thumb Code   444  stm32f10x_tim.o(.text)
    TIM_TimeBaseInit                         0x08002369   Thumb Code   356  stm32f10x_tim.o(.text)
    TIM_OC1Init                              0x080024cd   Thumb Code   440  stm32f10x_tim.o(.text)
    TIM_OC2Init                              0x08002685   Thumb Code   376  stm32f10x_tim.o(.text)
    TIM_OC3Init                              0x080027fd   Thumb Code   344  stm32f10x_tim.o(.text)
    TIM_OC4Init                              0x08002955   Thumb Code   256  stm32f10x_tim.o(.text)
    TIM_ICInit                               0x08002a55   Thumb Code   776  stm32f10x_tim.o(.text)
    TIM_SetIC1Prescaler                      0x08002dcd   Thumb Code   204  stm32f10x_tim.o(.text)
    TIM_SetIC2Prescaler                      0x08002f15   Thumb Code   148  stm32f10x_tim.o(.text)
    TIM_SetIC3Prescaler                      0x08002fa9   Thumb Code   116  stm32f10x_tim.o(.text)
    TIM_SetIC4Prescaler                      0x0800301d   Thumb Code   116  stm32f10x_tim.o(.text)
    TIM_PWMIConfig                           0x08003091   Thumb Code   204  stm32f10x_tim.o(.text)
    TIM_BDTRConfig                           0x0800315d   Thumb Code   212  stm32f10x_tim.o(.text)
    TIM_TimeBaseStructInit                   0x08003231   Thumb Code    14  stm32f10x_tim.o(.text)
    TIM_OCStructInit                         0x0800323f   Thumb Code    12  stm32f10x_tim.o(.text)
    TIM_ICStructInit                         0x0800324b   Thumb Code    12  stm32f10x_tim.o(.text)
    TIM_BDTRStructInit                       0x08003257   Thumb Code    12  stm32f10x_tim.o(.text)
    TIM_Cmd                                  0x08003265   Thumb Code   220  stm32f10x_tim.o(.text)
    TIM_CtrlPWMOutputs                       0x08003341   Thumb Code    88  stm32f10x_tim.o(.text)
    TIM_ITConfig                             0x08003399   Thumb Code   244  stm32f10x_tim.o(.text)
    TIM_GenerateEvent                        0x0800348d   Thumb Code   208  stm32f10x_tim.o(.text)
    TIM_DMAConfig                            0x0800355d   Thumb Code   172  stm32f10x_tim.o(.text)
    TIM_DMACmd                               0x08003609   Thumb Code   184  stm32f10x_tim.o(.text)
    TIM_InternalClockConfig                  0x080036c1   Thumb Code   116  stm32f10x_tim.o(.text)
    TIM_ITRxExternalClockConfig              0x08003735   Thumb Code   148  stm32f10x_tim.o(.text)
    TIM_SelectInputTrigger                   0x080037c9   Thumb Code   140  stm32f10x_tim.o(.text)
    TIM_TIxExternalClockConfig               0x08003855   Thumb Code   208  stm32f10x_tim.o(.text)
    TIM_ETRClockMode1Config                  0x08003925   Thumb Code   160  stm32f10x_tim.o(.text)
    TIM_ETRConfig                            0x080039c5   Thumb Code   156  stm32f10x_tim.o(.text)
    TIM_ETRClockMode2Config                  0x08003a61   Thumb Code   160  stm32f10x_tim.o(.text)
    TIM_PrescalerConfig                      0x08003b01   Thumb Code   208  stm32f10x_tim.o(.text)
    TIM_CounterModeConfig                    0x08003bd1   Thumb Code   124  stm32f10x_tim.o(.text)
    TIM_EncoderInterfaceConfig               0x08003c4d   Thumb Code   188  stm32f10x_tim.o(.text)
    TIM_ForcedOC1Config                      0x08003d09   Thumb Code   196  stm32f10x_tim.o(.text)
    TIM_ForcedOC2Config                      0x08003dcd   Thumb Code   140  stm32f10x_tim.o(.text)
    TIM_ForcedOC3Config                      0x08003e59   Thumb Code   108  stm32f10x_tim.o(.text)
    TIM_ForcedOC4Config                      0x08003ec5   Thumb Code   108  stm32f10x_tim.o(.text)
    TIM_ARRPreloadConfig                     0x08003f31   Thumb Code   220  stm32f10x_tim.o(.text)
    TIM_SelectCOM                            0x0800400d   Thumb Code    84  stm32f10x_tim.o(.text)
    TIM_SelectCCDMA                          0x08004061   Thumb Code   140  stm32f10x_tim.o(.text)
    TIM_CCPreloadControl                     0x080040ed   Thumb Code   120  stm32f10x_tim.o(.text)
    TIM_OC1PreloadConfig                     0x08004165   Thumb Code   196  stm32f10x_tim.o(.text)
    TIM_OC2PreloadConfig                     0x08004229   Thumb Code   140  stm32f10x_tim.o(.text)
    TIM_OC3PreloadConfig                     0x080042b5   Thumb Code   108  stm32f10x_tim.o(.text)
    TIM_OC4PreloadConfig                     0x08004321   Thumb Code   108  stm32f10x_tim.o(.text)
    TIM_OC1FastConfig                        0x0800438d   Thumb Code   196  stm32f10x_tim.o(.text)
    TIM_OC2FastConfig                        0x08004451   Thumb Code   140  stm32f10x_tim.o(.text)
    TIM_OC3FastConfig                        0x080044dd   Thumb Code   108  stm32f10x_tim.o(.text)
    TIM_OC4FastConfig                        0x08004549   Thumb Code   108  stm32f10x_tim.o(.text)
    TIM_ClearOC1Ref                          0x080045b5   Thumb Code   108  stm32f10x_tim.o(.text)
    TIM_ClearOC2Ref                          0x08004621   Thumb Code   108  stm32f10x_tim.o(.text)
    TIM_ClearOC3Ref                          0x0800468d   Thumb Code   108  stm32f10x_tim.o(.text)
    TIM_ClearOC4Ref                          0x080046f9   Thumb Code   108  stm32f10x_tim.o(.text)
    TIM_OC1PolarityConfig                    0x08004765   Thumb Code   196  stm32f10x_tim.o(.text)
    TIM_OC1NPolarityConfig                   0x08004829   Thumb Code    80  stm32f10x_tim.o(.text)
    TIM_OC2PolarityConfig                    0x08004879   Thumb Code   140  stm32f10x_tim.o(.text)
    TIM_OC2NPolarityConfig                   0x08004905   Thumb Code    72  stm32f10x_tim.o(.text)
    TIM_OC3PolarityConfig                    0x0800494d   Thumb Code   108  stm32f10x_tim.o(.text)
    TIM_OC3NPolarityConfig                   0x080049b9   Thumb Code    72  stm32f10x_tim.o(.text)
    TIM_OC4PolarityConfig                    0x08004a01   Thumb Code   108  stm32f10x_tim.o(.text)
    TIM_CCxCmd                               0x08004a6d   Thumb Code   228  stm32f10x_tim.o(.text)
    TIM_CCxNCmd                              0x08004b51   Thumb Code   120  stm32f10x_tim.o(.text)
    TIM_SelectOCxM                           0x08004bc9   Thumb Code   288  stm32f10x_tim.o(.text)
    TIM_UpdateDisableConfig                  0x08004ce9   Thumb Code   220  stm32f10x_tim.o(.text)
    TIM_UpdateRequestConfig                  0x08004dc5   Thumb Code   220  stm32f10x_tim.o(.text)
    TIM_SelectHallSensor                     0x08004ea1   Thumb Code   140  stm32f10x_tim.o(.text)
    TIM_SelectOnePulseMode                   0x08004f2d   Thumb Code   220  stm32f10x_tim.o(.text)
    TIM_SelectOutputTrigger                  0x08005009   Thumb Code   164  stm32f10x_tim.o(.text)
    TIM_SelectSlaveMode                      0x080050ad   Thumb Code   140  stm32f10x_tim.o(.text)
    TIM_SelectMasterSlaveMode                0x08005139   Thumb Code   140  stm32f10x_tim.o(.text)
    TIM_SetCounter                           0x080051c5   Thumb Code   192  stm32f10x_tim.o(.text)
    TIM_SetAutoreload                        0x08005285   Thumb Code   192  stm32f10x_tim.o(.text)
    TIM_SetCompare1                          0x08005345   Thumb Code   172  stm32f10x_tim.o(.text)
    TIM_SetCompare2                          0x080053f1   Thumb Code   112  stm32f10x_tim.o(.text)
    TIM_SetCompare3                          0x08005461   Thumb Code    80  stm32f10x_tim.o(.text)
    TIM_SetCompare4                          0x080054b1   Thumb Code    84  stm32f10x_tim.o(.text)
    TIM_SetClockDivision                     0x08005505   Thumb Code   208  stm32f10x_tim.o(.text)
    TIM_GetCapture1                          0x080055d5   Thumb Code   168  stm32f10x_tim.o(.text)
    TIM_GetCapture2                          0x0800567d   Thumb Code   108  stm32f10x_tim.o(.text)
    TIM_GetCapture3                          0x080056e9   Thumb Code    80  stm32f10x_tim.o(.text)
    TIM_GetCapture4                          0x08005739   Thumb Code    80  stm32f10x_tim.o(.text)
    TIM_GetCounter                           0x08005789   Thumb Code   188  stm32f10x_tim.o(.text)
    TIM_GetPrescaler                         0x08005845   Thumb Code   188  stm32f10x_tim.o(.text)
    TIM_GetFlagStatus                        0x08005901   Thumb Code   264  stm32f10x_tim.o(.text)
    TIM_ClearFlag                            0x08005a09   Thumb Code   212  stm32f10x_tim.o(.text)
    TIM_GetITStatus                          0x08005add   Thumb Code   248  stm32f10x_tim.o(.text)
    TIM_ClearITPendingBit                    0x08005bd5   Thumb Code   212  stm32f10x_tim.o(.text)
    USART_DeInit                             0x08005ca9   Thumb Code   164  stm32f10x_usart.o(.text)
    USART_Init                               0x08005d4d   Thumb Code   388  stm32f10x_usart.o(.text)
    USART_StructInit                         0x08005ed1   Thumb Code    18  stm32f10x_usart.o(.text)
    USART_ClockInit                          0x08005ee5   Thumb Code   164  stm32f10x_usart.o(.text)
    USART_ClockStructInit                    0x08005f89   Thumb Code     8  stm32f10x_usart.o(.text)
    USART_Cmd                                0x08005f91   Thumb Code   104  stm32f10x_usart.o(.text)
    USART_ITConfig                           0x08005ff9   Thumb Code   240  stm32f10x_usart.o(.text)
    USART_DMACmd                             0x080060e9   Thumb Code   128  stm32f10x_usart.o(.text)
    USART_SetAddress                         0x08006169   Thumb Code   100  stm32f10x_usart.o(.text)
    USART_WakeUpConfig                       0x080061cd   Thumb Code   108  stm32f10x_usart.o(.text)
    USART_ReceiverWakeUpCmd                  0x08006239   Thumb Code   104  stm32f10x_usart.o(.text)
    USART_LINBreakDetectLengthConfig         0x080062a1   Thumb Code   104  stm32f10x_usart.o(.text)
    USART_LINCmd                             0x08006309   Thumb Code   104  stm32f10x_usart.o(.text)
    USART_SendData                           0x08006371   Thumb Code    96  stm32f10x_usart.o(.text)
    USART_ReceiveData                        0x080063d1   Thumb Code    76  stm32f10x_usart.o(.text)
    USART_SendBreak                          0x0800641d   Thumb Code    80  stm32f10x_usart.o(.text)
    USART_SetGuardTime                       0x0800646d   Thumb Code    68  stm32f10x_usart.o(.text)
    USART_SetPrescaler                       0x080064b1   Thumb Code    88  stm32f10x_usart.o(.text)
    USART_SmartCardCmd                       0x08006509   Thumb Code    84  stm32f10x_usart.o(.text)
    USART_SmartCardNACKCmd                   0x0800655d   Thumb Code    84  stm32f10x_usart.o(.text)
    USART_HalfDuplexCmd                      0x080065b1   Thumb Code   104  stm32f10x_usart.o(.text)
    USART_OverSampling8Cmd                   0x08006619   Thumb Code   104  stm32f10x_usart.o(.text)
    USART_OneBitMethodCmd                    0x08006681   Thumb Code   104  stm32f10x_usart.o(.text)
    USART_IrDAConfig                         0x080066e9   Thumb Code   104  stm32f10x_usart.o(.text)
    USART_IrDACmd                            0x08006751   Thumb Code   104  stm32f10x_usart.o(.text)
    USART_GetFlagStatus                      0x080067b9   Thumb Code   160  stm32f10x_usart.o(.text)
    USART_ClearFlag                          0x08006859   Thumb Code   124  stm32f10x_usart.o(.text)
    USART_GetITStatus                        0x080068d5   Thumb Code   240  stm32f10x_usart.o(.text)
    USART_ClearITPendingBit                  0x080069c5   Thumb Code   152  stm32f10x_usart.o(.text)
    DMA_DeInit                               0x08006a5d   Thumb Code   292  stm32f10x_dma.o(.text)
    DMA_Init                                 0x08006b81   Thumb Code   388  stm32f10x_dma.o(.text)
    DMA_StructInit                           0x08006d05   Thumb Code    10  stm32f10x_dma.o(.text)
    DMA_Cmd                                  0x08006d11   Thumb Code   176  stm32f10x_dma.o(.text)
    DMA_ITConfig                             0x08006dc1   Thumb Code   192  stm32f10x_dma.o(.text)
    DMA_SetCurrDataCounter                   0x08006e81   Thumb Code   144  stm32f10x_dma.o(.text)
    DMA_GetCurrDataCounter                   0x08006f11   Thumb Code   144  stm32f10x_dma.o(.text)
    DMA_GetFlagStatus                        0x08006fa1   Thumb Code   376  stm32f10x_dma.o(.text)
    DMA_ClearFlag                            0x08007119   Thumb Code    64  stm32f10x_dma.o(.text)
    DMA_GetITStatus                          0x08007159   Thumb Code   376  stm32f10x_dma.o(.text)
    DMA_ClearITPendingBit                    0x080072d1   Thumb Code    64  stm32f10x_dma.o(.text)
    __aeabi_memset                           0x08007311   Thumb Code    14  memseta.o(.text)
    __aeabi_memset4                          0x08007311   Thumb Code     0  memseta.o(.text)
    __aeabi_memset8                          0x08007311   Thumb Code     0  memseta.o(.text)
    __aeabi_memclr                           0x0800731f   Thumb Code     4  memseta.o(.text)
    __aeabi_memclr4                          0x0800731f   Thumb Code     0  memseta.o(.text)
    __aeabi_memclr8                          0x0800731f   Thumb Code     0  memseta.o(.text)
    _memset$wrapper                          0x08007323   Thumb Code    18  memseta.o(.text)
    __aeabi_uidiv                            0x08007335   Thumb Code     0  uidiv.o(.text)
    __aeabi_uidivmod                         0x08007335   Thumb Code    44  uidiv.o(.text)
    __scatterload                            0x08007361   Thumb Code    28  init.o(.text)
    __scatterload_rt2                        0x08007361   Thumb Code     0  init.o(.text)
    __0sprintf$1                             0x08007385   Thumb Code    34  printf1.o(i.__0sprintf$1)
    __1sprintf$1                             0x08007385   Thumb Code     0  printf1.o(i.__0sprintf$1)
    __2sprintf                               0x08007385   Thumb Code     0  printf1.o(i.__0sprintf$1)
    __scatterload_copy                       0x080073ad   Thumb Code    14  handlers.o(i.__scatterload_copy)
    __scatterload_null                       0x080073bb   Thumb Code     2  handlers.o(i.__scatterload_null)
    __scatterload_zeroinit                   0x080073bd   Thumb Code    14  handlers.o(i.__scatterload_zeroinit)
    AHBPrescTable                            0x0800752e   Data          16  system_stm32f10x.o(.rodata.AHBPrescTable)
    Region$$Table$$Base                      0x0800761c   Number         0  anon$$obj.o(Region$$Table)
    Region$$Table$$Limit                     0x0800763c   Number         0  anon$$obj.o(Region$$Table)
    FLAG_ECHO                                0x20000000   Data           2  main.o(.data..L_MergedGlobals)
    ADC1buffer                               0x20000002   Data          10  main.o(.data..L_MergedGlobals)
    buffer                                   0x2000000c   Data          80  main.o(.data..L_MergedGlobals)
    SystemCoreClock                          0x2000005c   Data           4  system_stm32f10x.o(.data.SystemCoreClock)
    __initial_sp                             0x20000460   Data           0  startup_stm32f103xb.o(STACK)



==============================================================================

Memory Map of the image

  Image Entry point : 0x08000591

  Load Region LR_1 (Base: 0x08000000, Size: 0x000076a0, Max: 0xffffffff, ABSOLUTE)

    Execution Region ER_RO (Exec base: 0x08000000, Load base: 0x08000000, Size: 0x0000763c, Max: 0xffffffff, ABSOLUTE)

    Exec Addr    Load Addr    Size         Type   Attr      Idx    E Section Name        Object

    0x08000000   0x08000000   0x000000ec   Data   RO           35    RESET               startup_stm32f103xb.o
    0x080000ec   0x080000ec   0x00000000   Code   RO          148  * .ARM.Collect$$$$00000000  mc_w.l(entry.o)
    0x080000ec   0x080000ec   0x00000004   Code   RO          414    .ARM.Collect$$$$00000001  mc_w.l(entry2.o)
    0x080000f0   0x080000f0   0x00000004   Code   RO          417    .ARM.Collect$$$$00000004  mc_w.l(entry5.o)
    0x080000f4   0x080000f4   0x00000000   Code   RO          419    .ARM.Collect$$$$00000008  mc_w.l(entry7b.o)
    0x080000f4   0x080000f4   0x00000000   Code   RO          421    .ARM.Collect$$$$0000000A  mc_w.l(entry8b.o)
    0x080000f4   0x080000f4   0x00000008   Code   RO          422    .ARM.Collect$$$$0000000B  mc_w.l(entry9a.o)
    0x080000fc   0x080000fc   0x00000000   Code   RO          424    .ARM.Collect$$$$0000000D  mc_w.l(entry10a.o)
    0x080000fc   0x080000fc   0x00000000   Code   RO          426    .ARM.Collect$$$$0000000F  mc_w.l(entry11a.o)
    0x080000fc   0x080000fc   0x00000004   Code   RO          415    .ARM.Collect$$$$00002712  mc_w.l(entry2.o)
    0x08000100   0x08000100   0x0000034a   Code   RO            1    .text               main.o
    0x0800044a   0x0800044a   0x00000002   PAD
    0x0800044c   0x0800044c   0x00000144   Code   RO           19    .text               system_stm32f10x.o
    0x08000590   0x08000590   0x00000024   Code   RO           36  * .text               startup_stm32f103xb.o
    0x080005b4   0x080005b4   0x00000178   Code   RO           42    .text               misc.o
    0x0800072c   0x0800072c   0x00000750   Code   RO           55    .text               stm32f10x_gpio.o
    0x08000e7c   0x08000e7c   0x000006d0   Code   RO           68    .text               stm32f10x_rcc.o
    0x0800154c   0x0800154c   0x00000c60   Code   RO           83    .text               stm32f10x_adc.o
    0x080021ac   0x080021ac   0x00003afc   Code   RO           96    .text               stm32f10x_tim.o
    0x08005ca8   0x08005ca8   0x00000db4   Code   RO          109    .text               stm32f10x_usart.o
    0x08006a5c   0x08006a5c   0x000008b4   Code   RO          122    .text               stm32f10x_dma.o
    0x08007310   0x08007310   0x00000024   Code   RO          151    .text               mc_w.l(memseta.o)
    0x08007334   0x08007334   0x0000002c   Code   RO          433    .text               mc_w.l(uidiv.o)
    0x08007360   0x08007360   0x00000024   Code   RO          448    .text               mc_w.l(init.o)
    0x08007384   0x08007384   0x00000028   Code   RO          200    i.__0sprintf$1      mc_w.l(printf1.o)
    0x080073ac   0x080073ac   0x0000000e   Code   RO          462    i.__scatterload_copy  mc_w.l(handlers.o)
    0x080073ba   0x080073ba   0x00000002   Code   RO          463    i.__scatterload_null  mc_w.l(handlers.o)
    0x080073bc   0x080073bc   0x0000000e   Code   RO          464    i.__scatterload_zeroinit  mc_w.l(handlers.o)
    0x080073ca   0x080073ca   0x00000002   PAD
    0x080073cc   0x080073cc   0x00000154   Code   RO          205    i._printf_core      mc_w.l(printf1.o)
    0x08007520   0x08007520   0x0000000a   Code   RO          207    i._sputc            mc_w.l(printf1.o)
    0x0800752a   0x0800752a   0x00000004   Data   RO           72    .rodata.ADCPrescTable  stm32f10x_rcc.o
    0x0800752e   0x0800752e   0x00000010   Data   RO           22    .rodata.AHBPrescTable  system_stm32f10x.o
    0x0800753e   0x0800753e   0x00000010   Data   RO           71    .rodata.APBAHBPrescTable  stm32f10x_rcc.o
    0x0800754e   0x0800754e   0x00000010   Data   RO            5    .rodata.main.mytext  main.o
    0x0800755e   0x0800755e   0x00000013   Data   RO           44    .rodata.str1.1      misc.o
    0x08007571   0x08007571   0x0000001d   Data   RO           57    .rodata.str1.1      stm32f10x_gpio.o
    0x0800758e   0x0800758e   0x0000001c   Data   RO           70    .rodata.str1.1      stm32f10x_rcc.o
    0x080075aa   0x080075aa   0x0000001c   Data   RO           85    .rodata.str1.1      stm32f10x_adc.o
    0x080075c6   0x080075c6   0x0000001c   Data   RO           98    .rodata.str1.1      stm32f10x_tim.o
    0x080075e2   0x080075e2   0x0000001e   Data   RO          111    .rodata.str1.1      stm32f10x_usart.o
    0x08007600   0x08007600   0x0000001c   Data   RO          124    .rodata.str1.1      stm32f10x_dma.o
    0x0800761c   0x0800761c   0x00000020   Data   RO          460    Region$$Table       anon$$obj.o


    Execution Region ER_RW (Exec base: 0x20000000, Load base: 0x08007640, Size: 0x00000060, Max: 0xffffffff, ABSOLUTE)

    Exec Addr    Load Addr    Size         Type   Attr      Idx    E Section Name        Object

    0x20000000   0x08007640   0x0000005c   Data   RW            8    .data..L_MergedGlobals  main.o
    0x2000005c   0x0800769c   0x00000004   Data   RW           21    .data.SystemCoreClock  system_stm32f10x.o


    Execution Region ER_ZI (Exec base: 0x20000060, Load base: 0x080076a0, Size: 0x00000400, Max: 0xffffffff, ABSOLUTE)

    Exec Addr    Load Addr    Size         Type   Attr      Idx    E Section Name        Object

    0x20000060        -       0x00000400   Zero   RW           33    STACK               startup_stm32f103xb.o


==============================================================================

Image component sizes


      Code (inc. data)   RO Data    RW Data    ZI Data      Debug   Object Name

       842        100         16         92          0       8668   main.o
       376         60         19          0          0       3449   misc.o
        36          8        236          0       1024        852   startup_stm32f103xb.o
      3168        572         28          0          0      12167   stm32f10x_adc.o
      2228        476         28          0          0       5021   stm32f10x_dma.o
      1872        260         29          0          0       7018   stm32f10x_gpio.o
      1744        284         48          0          0       8729   stm32f10x_rcc.o
     15100       3432         28          0          0      32929   stm32f10x_tim.o
      3508        624         30          0          0      10776   stm32f10x_usart.o
       324         32         16          4          0       2437   system_stm32f10x.o

    ----------------------------------------------------------------------
     29200       5848        510         96       1024      92046   Object Totals
         0          0         32          0          0          0   (incl. Generated)
         2          0          0          0          0          0   (incl. Padding)

    ----------------------------------------------------------------------

      Code (inc. data)   RO Data    RW Data    ZI Data      Debug   Library Member Name

         0          0          0          0          0          0   entry.o
         0          0          0          0          0          0   entry10a.o
         0          0          0          0          0          0   entry11a.o
         8          4          0          0          0          0   entry2.o
         4          0          0          0          0          0   entry5.o
         0          0          0          0          0          0   entry7b.o
         0          0          0          0          0          0   entry8b.o
         8          4          0          0          0          0   entry9a.o
        30          0          0          0          0          0   handlers.o
        36          8          0          0          0         68   init.o
        36          0          0          0          0        108   memseta.o
       390         10          0          0          0        252   printf1.o
        44          0          0          0          0         80   uidiv.o

    ----------------------------------------------------------------------
       558         26          0          0          0        508   Library Totals
         2          0          0          0          0          0   (incl. Padding)

    ----------------------------------------------------------------------

      Code (inc. data)   RO Data    RW Data    ZI Data      Debug   Library Name

       556         26          0          0          0        508   mc_w.l

    ----------------------------------------------------------------------
       558         26          0          0          0        508   Library Totals

    ----------------------------------------------------------------------

==============================================================================


      Code (inc. data)   RO Data    RW Data    ZI Data      Debug   

     29758       5874        510         96       1024      92422   Grand Totals
     29758       5874        510         96       1024      92422   ELF Image Totals
     29758       5874        510         96          0          0   ROM Totals

==============================================================================

    Total RO  Size (Code + RO Data)                30268 (  29.56kB)
    Total RW  Size (RW Data + ZI Data)              1120 (   1.09kB)
    Total ROM Size (Code + RO Data + RW Data)      30364 (  29.65kB)

==============================================================================

